Command line invocation:
    /Applications/Xcode.app/Contents/Developer/usr/bin/xcodebuild -project LauverNative/Lauver.xcodeproj -scheme Lauver-Production -configuration Production -destination generic/platform=iOS -archivePath /Users/edwardtang/Desktop/Code/lauver-mobile/artifacts/acceptance/step-15-production-20260921.xcarchive -allowProvisioningUpdates archive

Resolve Package Graph


Resolved source packages:
  StreamChatSwiftUI: https://github.com/GetStream/stream-chat-swiftui.git @ 5.11.0
  StreamCore: https://github.com/GetStream/stream-core-swift.git @ 0.10.1
  StreamChat: https://github.com/GetStream/stream-chat-swift.git @ 5.11.0

ComputePackagePrebuildTargetDependencyGraph

Prepare packages

CreateBuildRequest

SendProjectDescription

CreateBuildOperation

ComputeTargetDependencyGraph
note: Building targets in dependency order
note: Target dependency graph (12 targets)
    Target 'Lauver' in project 'Lauver'
        ➜ Explicit dependency on target 'StreamChatSwiftUI' in project 'StreamChatSwiftUI'
    Target 'StreamChatSwiftUI' in project 'StreamChatSwiftUI'
        ➜ Explicit dependency on target 'StreamChatSwiftUI' in project 'StreamChatSwiftUI'
        ➜ Explicit dependency on target 'StreamChatSwiftUI_StreamChatSwiftUI' in project 'StreamChatSwiftUI'
        ➜ Explicit dependency on target 'StreamChat' in project 'StreamChat'
        ➜ Explicit dependency on target 'StreamChatCommonUI' in project 'StreamChat'
    Target 'StreamChatSwiftUI' in project 'StreamChatSwiftUI'
        ➜ Explicit dependency on target 'StreamChatSwiftUI_StreamChatSwiftUI' in project 'StreamChatSwiftUI'
        ➜ Explicit dependency on target 'StreamChat' in project 'StreamChat'
        ➜ Explicit dependency on target 'StreamChatCommonUI' in project 'StreamChat'
    Target 'StreamChatCommonUI' in project 'StreamChat'
        ➜ Explicit dependency on target 'StreamChatCommonUI' in project 'StreamChat'
        ➜ Explicit dependency on target 'StreamChat_StreamChatCommonUI' in project 'StreamChat'
        ➜ Explicit dependency on target 'StreamChat' in project 'StreamChat'
        ➜ Explicit dependency on target 'StreamCore' in project 'StreamCore'
    Target 'StreamChatCommonUI' in project 'StreamChat'
        ➜ Explicit dependency on target 'StreamChat_StreamChatCommonUI' in project 'StreamChat'
        ➜ Explicit dependency on target 'StreamChat' in project 'StreamChat'
        ➜ Explicit dependency on target 'StreamCore' in project 'StreamCore'
    Target 'StreamChat_StreamChatCommonUI' in project 'StreamChat' (no dependencies)
    Target 'StreamChat' in project 'StreamChat'
        ➜ Explicit dependency on target 'StreamChat' in project 'StreamChat'
        ➜ Explicit dependency on target 'StreamChat_StreamChat' in project 'StreamChat'
        ➜ Explicit dependency on target 'StreamCore' in project 'StreamCore'
    Target 'StreamChat' in project 'StreamChat'
        ➜ Explicit dependency on target 'StreamChat_StreamChat' in project 'StreamChat'
        ➜ Explicit dependency on target 'StreamCore' in project 'StreamCore'
    Target 'StreamCore' in project 'StreamCore'
        ➜ Explicit dependency on target 'StreamCore' in project 'StreamCore'
    Target 'StreamCore' in project 'StreamCore' (no dependencies)
    Target 'StreamChat_StreamChat' in project 'StreamChat' (no dependencies)
    Target 'StreamChatSwiftUI_StreamChatSwiftUI' in project 'StreamChatSwiftUI' (no dependencies)

GatherProvisioningInputs

CreateBuildDescription

ExecuteExternalTool /Applications/Xcode.app/Contents/Developer/usr/bin/actool --version --output-format xml1

ExecuteExternalTool /Applications/Xcode.app/Contents/Developer/Toolchains/XcodeDefault.xctoolchain/usr/bin/swiftc --version

ExecuteExternalTool /Applications/Xcode.app/Contents/Developer/usr/bin/actool --print-asset-tag-combinations --output-format xml1 /Users/edwardtang/Desktop/Code/lauver-mobile/LauverNative/Lauver/Resources/Assets.xcassets

ExecuteExternalTool /Applications/Xcode.app/Contents/Developer/Toolchains/XcodeDefault.xctoolchain/usr/bin/clang -v -E -dM -isysroot /Applications/Xcode.app/Contents/Developer/Platforms/iPhoneOS.platform/Developer/SDKs/iPhoneOS26.5.sdk -x c -c /dev/null

ExecuteExternalTool /Applications/Xcode.app/Contents/Developer/usr/bin/momc --dry-run --action generate --swift-version 6 --sdkroot /Applications/Xcode.app/Contents/Developer/Platforms/iPhoneOS.platform/Developer/SDKs/iPhoneOS26.5.sdk --iphoneos-deployment-target 13.0 --module StreamChat /Users/edwardtang/Library/Developer/Xcode/DerivedData/Lauver-ftoiobhfoetwriabqponzpqrztdt/SourcePackages/checkouts/stream-chat-swift/Sources/StreamChat/Database/StreamChatModel.xcdatamodeld /Users/edwardtang/Library/Developer/Xcode/DerivedData/Lauver-ftoiobhfoetwriabqponzpqrztdt/Build/Intermediates.noindex/ArchiveIntermediates/Lauver-Production/IntermediateBuildFilesPath/StreamChat.build/Production-iphoneos/StreamChat.build/DerivedSources/CoreDataGenerated/StreamChatModel

ExecuteExternalTool /Applications/Xcode.app/Contents/Developer/Toolchains/XcodeDefault.xctoolchain/usr/bin/ld -version_details

Build description signature: 59778328c1f961b577b1096d2ba5e94d
Build description path: /Users/edwardtang/Library/Developer/Xcode/DerivedData/Lauver-ftoiobhfoetwriabqponzpqrztdt/Build/Intermediates.noindex/ArchiveIntermediates/Lauver-Production/IntermediateBuildFilesPath/XCBuildData/59778328c1f961b577b1096d2ba5e94d.xcbuilddata
/Users/edwardtang/Desktop/Code/lauver-mobile/LauverNative/Lauver.xcodeproj: error: Failed Registering Bundle Identifier: The app identifier "ai.lauver.app" cannot be registered to your development team because it is not available. Change your bundle identifier to a unique string to try again. (in target 'Lauver' from project 'Lauver')
/Users/edwardtang/Desktop/Code/lauver-mobile/LauverNative/Lauver.xcodeproj: error: Provisioning profile "iOS Team Provisioning Profile: *" doesn't include the HealthKit capability. (in target 'Lauver' from project 'Lauver')
/Users/edwardtang/Desktop/Code/lauver-mobile/LauverNative/Lauver.xcodeproj: error: Provisioning profile "iOS Team Provisioning Profile: *" doesn't include the Sign In with Apple capability. (in target 'Lauver' from project 'Lauver')
/Users/edwardtang/Desktop/Code/lauver-mobile/LauverNative/Lauver.xcodeproj: error: Provisioning profile "iOS Team Provisioning Profile: *" doesn't include the com.apple.developer.applesignin and com.apple.developer.healthkit entitlements. (in target 'Lauver' from project 'Lauver')
** ARCHIVE FAILED **


The following build commands failed:
	Archiving project Lauver with scheme Lauver-Production
(1 failure)
