Date: 2026-09-13, Asia/Shanghai
Code: 6737655; application implementation unchanged

Simulator Discover XCTest: 8/8 passed; TEST SUCCEEDED
Includes pagination failure preserving rows/cursor, retry success, invalid cursor recovery,
filter changes, stale request isolation, cancellation, radius and pace contract checks.
Result bundle: /tmp/lauver-step06-pagination-retry-20260913.xcresult
Full log: /tmp/lauver-step06-pagination-retry-20260913.log

Actual staging API fixture preparation: passed
Created accounts: 44 across 2 existing city centres, Running 5:30 min/km
Default page size: 20; Unlimited traversal: 3 pages
All 43 other fixture users present without duplicates or omissions
Existing accounts unchanged; no photos or external provider data
Cleanup journal: /tmp/lauver-step06-live-f28126ff223e4f060ffb409a61464ba6/cleanup.json
Cleanup status: passed; 44 accounts and all dependent database rows deleted
Cleanup result: {"result":"passed","checks":0,"deletedAccounts":44}
Independent read-only residual result: {"remainingFixtureAccounts":0,"completeActiveProfiles":3,"cleanupJournalExists":false}
Full cleanup log: /tmp/lauver-step06-live-final-cleanup-20260913.log
Full residual log: /tmp/lauver-step06-live-residual-20260913.log
First preparation rolled back; recovery cleanup deleted 0 accounts and removed its journal

iPhone 14 Plus: connected and unlocked; normal staging App launched without test arguments
Actual device pagination interaction: passed; user explicitly confirmed normal pagination and final Load more disappearance
Actual device network loss and Retry recovery: passed; user explicitly confirmed error display and successful Retry recovery
Final Step 06 acceptance: passed
