Command line invocation:
    /Applications/Xcode.app/Contents/Developer/usr/bin/xcodebuild -project /Users/edwardtang/Desktop/Code/lauver-mobile/LauverNative/Lauver.xcodeproj -scheme Lauver-Staging -configuration Staging -destination id=00008150-00010C6E22C0C01C "-only-testing:LauverTests" test

Resolve Package Graph


Resolved source packages:
  StreamCore: https://github.com/GetStream/stream-core-swift.git @ 0.10.1
  StreamChatSwiftUI: https://github.com/GetStream/stream-chat-swiftui.git @ 5.11.0
  StreamChat: https://github.com/GetStream/stream-chat-swift.git @ 5.11.0

ComputePackagePrebuildTargetDependencyGraph

Prepare packages

CreateBuildRequest

SendProjectDescription

CreateBuildOperation

ComputeTargetDependencyGraph
note: Building targets in dependency order
note: Target dependency graph (14 targets)
    Target 'LauverUITests' in project 'Lauver'
        ➜ Explicit dependency on target 'Lauver' in project 'Lauver'
    Target 'LauverTests' in project 'Lauver'
        ➜ Explicit dependency on target 'Lauver' in project 'Lauver'
    Target 'Lauver' in project 'Lauver'
        ➜ Explicit dependency on target 'StreamChatSwiftUI' in project 'StreamChatSwiftUI'
    Target 'StreamChatSwiftUI' in project 'StreamChatSwiftUI'
        ➜ Explicit dependency on target 'StreamChatSwiftUI' in project 'StreamChatSwiftUI'
        ➜ Explicit dependency on target 'StreamChatSwiftUI_StreamChatSwiftUI' in project 'StreamChatSwiftUI'
        ➜ Explicit dependency on target 'StreamChat' in project 'StreamChat'
        ➜ Explicit dependency on target 'StreamChatCommonUI' in project 'StreamChat'
    Target 'StreamChatSwiftUI' in project 'StreamChatSwiftUI'
        ➜ Explicit dependency on target 'StreamChatSwiftUI_StreamChatSwiftUI' in project 'StreamChatSwiftUI'
        ➜ Explicit dependency on target 'StreamChat' in project 'StreamChat'
        ➜ Explicit dependency on target 'StreamChatCommonUI' in project 'StreamChat'
    Target 'StreamChatCommonUI' in project 'StreamChat'
        ➜ Explicit dependency on target 'StreamChatCommonUI' in project 'StreamChat'
        ➜ Explicit dependency on target 'StreamChat_StreamChatCommonUI' in project 'StreamChat'
        ➜ Explicit dependency on target 'StreamChat' in project 'StreamChat'
        ➜ Explicit dependency on target 'StreamCore' in project 'StreamCore'
    Target 'StreamChatCommonUI' in project 'StreamChat'
        ➜ Explicit dependency on target 'StreamChat_StreamChatCommonUI' in project 'StreamChat'
        ➜ Explicit dependency on target 'StreamChat' in project 'StreamChat'
        ➜ Explicit dependency on target 'StreamCore' in project 'StreamCore'
    Target 'StreamChat_StreamChatCommonUI' in project 'StreamChat' (no dependencies)
    Target 'StreamChat' in project 'StreamChat'
        ➜ Explicit dependency on target 'StreamChat' in project 'StreamChat'
        ➜ Explicit dependency on target 'StreamChat_StreamChat' in project 'StreamChat'
        ➜ Explicit dependency on target 'StreamCore' in project 'StreamCore'
    Target 'StreamChat' in project 'StreamChat'
        ➜ Explicit dependency on target 'StreamChat_StreamChat' in project 'StreamChat'
        ➜ Explicit dependency on target 'StreamCore' in project 'StreamCore'
    Target 'StreamCore' in project 'StreamCore'
        ➜ Explicit dependency on target 'StreamCore' in project 'StreamCore'
    Target 'StreamCore' in project 'StreamCore' (no dependencies)
    Target 'StreamChat_StreamChat' in project 'StreamChat' (no dependencies)
    Target 'StreamChatSwiftUI_StreamChatSwiftUI' in project 'StreamChatSwiftUI' (no dependencies)

GatherProvisioningInputs

CreateBuildDescription

ExecuteExternalTool /Applications/Xcode.app/Contents/Developer/usr/bin/actool --version --output-format xml1

ExecuteExternalTool /Applications/Xcode.app/Contents/Developer/Toolchains/XcodeDefault.xctoolchain/usr/bin/swiftc --version

ExecuteExternalTool /Applications/Xcode.app/Contents/Developer/usr/bin/actool --print-asset-tag-combinations --output-format xml1 /Users/edwardtang/Desktop/Code/lauver-mobile/LauverNative/Lauver/Resources/Assets.xcassets

ExecuteExternalTool /Applications/Xcode.app/Contents/Developer/Toolchains/XcodeDefault.xctoolchain/usr/bin/clang -v -E -dM -isysroot /Applications/Xcode.app/Contents/Developer/Platforms/iPhoneOS.platform/Developer/SDKs/iPhoneOS26.5.sdk -x c -c /dev/null

ExecuteExternalTool /Applications/Xcode.app/Contents/Developer/usr/bin/momc --dry-run --action generate --swift-version 6 --sdkroot /Applications/Xcode.app/Contents/Developer/Platforms/iPhoneOS.platform/Developer/SDKs/iPhoneOS26.5.sdk --iphoneos-deployment-target 13.0 --module StreamChat /Users/edwardtang/Library/Developer/Xcode/DerivedData/Lauver-ftoiobhfoetwriabqponzpqrztdt/SourcePackages/checkouts/stream-chat-swift/Sources/StreamChat/Database/StreamChatModel.xcdatamodeld /Users/edwardtang/Library/Developer/Xcode/DerivedData/Lauver-ftoiobhfoetwriabqponzpqrztdt/Build/Intermediates.noindex/StreamChat.build/Staging-iphoneos/StreamChat.build/DerivedSources/CoreDataGenerated/StreamChatModel

ExecuteExternalTool /Applications/Xcode.app/Contents/Developer/Toolchains/XcodeDefault.xctoolchain/usr/bin/ld -version_details

Build description signature: 0fce5be75bde2f5026dea824ea252506
Build description path: /Users/edwardtang/Library/Developer/Xcode/DerivedData/Lauver-ftoiobhfoetwriabqponzpqrztdt/Build/Intermediates.noindex/XCBuildData/0fce5be75bde2f5026dea824ea252506.xcbuilddata
ClangStatCache /Applications/Xcode.app/Contents/Developer/Toolchains/XcodeDefault.xctoolchain/usr/bin/clang-stat-cache /Applications/Xcode.app/Contents/Developer/Platforms/iPhoneOS.platform/Developer/SDKs/iPhoneOS26.5.sdk /Users/edwardtang/Library/Developer/Xcode/DerivedData/SDKStatCaches.noindex/iphoneos26.5-23F81a-32daed1954a7d5dd0789fcaf2a9bb78b.sdkstatcache
    cd /Users/edwardtang/Desktop/Code/lauver-mobile/LauverNative/Lauver.xcodeproj
    /Applications/Xcode.app/Contents/Developer/Toolchains/XcodeDefault.xctoolchain/usr/bin/clang-stat-cache /Applications/Xcode.app/Contents/Developer/Platforms/iPhoneOS.platform/Developer/SDKs/iPhoneOS26.5.sdk -o /Users/edwardtang/Library/Developer/Xcode/DerivedData/SDKStatCaches.noindex/iphoneos26.5-23F81a-32daed1954a7d5dd0789fcaf2a9bb78b.sdkstatcache

ProcessInfoPlistFile /Users/edwardtang/Library/Developer/Xcode/DerivedData/Lauver-ftoiobhfoetwriabqponzpqrztdt/Build/Products/Staging-iphoneos/StreamChat_StreamChat.bundle/Info.plist /Users/edwardtang/Library/Developer/Xcode/DerivedData/Lauver-ftoiobhfoetwriabqponzpqrztdt/Build/Intermediates.noindex/StreamChat.build/Staging-iphoneos/StreamChat_StreamChat.build/empty-StreamChat_StreamChat.plist (in target 'StreamChat_StreamChat' from project 'StreamChat')
    cd /Users/edwardtang/Library/Developer/Xcode/DerivedData/Lauver-ftoiobhfoetwriabqponzpqrztdt/SourcePackages/checkouts/stream-chat-swift
    builtin-infoPlistUtility /Users/edwardtang/Library/Developer/Xcode/DerivedData/Lauver-ftoiobhfoetwriabqponzpqrztdt/Build/Intermediates.noindex/StreamChat.build/Staging-iphoneos/StreamChat_StreamChat.build/empty-StreamChat_StreamChat.plist -producttype com.apple.product-type.bundle -expandbuildsettings -format binary -platform iphoneos -requiredArchitecture arm64 -o /Users/edwardtang/Library/Developer/Xcode/DerivedData/Lauver-ftoiobhfoetwriabqponzpqrztdt/Build/Products/Staging-iphoneos/StreamChat_StreamChat.bundle/Info.plist

ProcessInfoPlistFile /Users/edwardtang/Library/Developer/Xcode/DerivedData/Lauver-ftoiobhfoetwriabqponzpqrztdt/Build/Products/Staging-iphoneos/StreamChat_StreamChatCommonUI.bundle/Info.plist /Users/edwardtang/Library/Developer/Xcode/DerivedData/Lauver-ftoiobhfoetwriabqponzpqrztdt/Build/Intermediates.noindex/StreamChat.build/Staging-iphoneos/StreamChat_StreamChatCommonUI.build/empty-StreamChat_StreamChatCommonUI.plist (in target 'StreamChat_StreamChatCommonUI' from project 'StreamChat')
    cd /Users/edwardtang/Library/Developer/Xcode/DerivedData/Lauver-ftoiobhfoetwriabqponzpqrztdt/SourcePackages/checkouts/stream-chat-swift
    builtin-infoPlistUtility /Users/edwardtang/Library/Developer/Xcode/DerivedData/Lauver-ftoiobhfoetwriabqponzpqrztdt/Build/Intermediates.noindex/StreamChat.build/Staging-iphoneos/StreamChat_StreamChatCommonUI.build/empty-StreamChat_StreamChatCommonUI.plist -producttype com.apple.product-type.bundle -expandbuildsettings -format binary -platform iphoneos -additionalcontentfile /Users/edwardtang/Library/Developer/Xcode/DerivedData/Lauver-ftoiobhfoetwriabqponzpqrztdt/Build/Intermediates.noindex/StreamChat.build/Staging-iphoneos/StreamChat_StreamChatCommonUI.build/assetcatalog_generated_info.plist -requiredArchitecture arm64 -o /Users/edwardtang/Library/Developer/Xcode/DerivedData/Lauver-ftoiobhfoetwriabqponzpqrztdt/Build/Products/Staging-iphoneos/StreamChat_StreamChatCommonUI.bundle/Info.plist

ProcessInfoPlistFile /Users/edwardtang/Library/Developer/Xcode/DerivedData/Lauver-ftoiobhfoetwriabqponzpqrztdt/Build/Products/Staging-iphoneos/StreamChatSwiftUI_StreamChatSwiftUI.bundle/Info.plist /Users/edwardtang/Library/Developer/Xcode/DerivedData/Lauver-ftoiobhfoetwriabqponzpqrztdt/Build/Intermediates.noindex/StreamChatSwiftUI.build/Staging-iphoneos/StreamChatSwiftUI_StreamChatSwiftUI.build/empty-StreamChatSwiftUI_StreamChatSwiftUI.plist (in target 'StreamChatSwiftUI_StreamChatSwiftUI' from project 'StreamChatSwiftUI')
    cd /Users/edwardtang/Library/Developer/Xcode/DerivedData/Lauver-ftoiobhfoetwriabqponzpqrztdt/SourcePackages/checkouts/stream-chat-swiftui
    builtin-infoPlistUtility /Users/edwardtang/Library/Developer/Xcode/DerivedData/Lauver-ftoiobhfoetwriabqponzpqrztdt/Build/Intermediates.noindex/StreamChatSwiftUI.build/Staging-iphoneos/StreamChatSwiftUI_StreamChatSwiftUI.build/empty-StreamChatSwiftUI_StreamChatSwiftUI.plist -producttype com.apple.product-type.bundle -expandbuildsettings -format binary -platform iphoneos -additionalcontentfile /Users/edwardtang/Library/Developer/Xcode/DerivedData/Lauver-ftoiobhfoetwriabqponzpqrztdt/Build/Intermediates.noindex/StreamChatSwiftUI.build/Staging-iphoneos/StreamChatSwiftUI_StreamChatSwiftUI.build/assetcatalog_generated_info.plist -requiredArchitecture arm64 -o /Users/edwardtang/Library/Developer/Xcode/DerivedData/Lauver-ftoiobhfoetwriabqponzpqrztdt/Build/Products/Staging-iphoneos/StreamChatSwiftUI_StreamChatSwiftUI.bundle/Info.plist

CopySwiftLibs /Users/edwardtang/Library/Developer/Xcode/DerivedData/Lauver-ftoiobhfoetwriabqponzpqrztdt/Build/Products/Staging-iphoneos/Lauver.app (in target 'Lauver' from project 'Lauver')
    cd /Users/edwardtang/Desktop/Code/lauver-mobile/LauverNative
    builtin-swiftStdLibTool --copy --verbose --sign 5385BE6841EF3C31FBF8A22E7F9AA66A25CF5AFA --scan-executable /Users/edwardtang/Library/Developer/Xcode/DerivedData/Lauver-ftoiobhfoetwriabqponzpqrztdt/Build/Products/Staging-iphoneos/Lauver.app/Lauver.debug.dylib --scan-folder /Users/edwardtang/Library/Developer/Xcode/DerivedData/Lauver-ftoiobhfoetwriabqponzpqrztdt/Build/Products/Staging-iphoneos/Lauver.app/Frameworks --scan-folder /Users/edwardtang/Library/Developer/Xcode/DerivedData/Lauver-ftoiobhfoetwriabqponzpqrztdt/Build/Products/Staging-iphoneos/Lauver.app/PlugIns --scan-folder /Users/edwardtang/Library/Developer/Xcode/DerivedData/Lauver-ftoiobhfoetwriabqponzpqrztdt/Build/Products/Staging-iphoneos/Lauver.app/SystemExtensions --scan-folder /Users/edwardtang/Library/Developer/Xcode/DerivedData/Lauver-ftoiobhfoetwriabqponzpqrztdt/Build/Products/Staging-iphoneos/Lauver.app/Extensions --platform iphoneos --toolchain /Applications/Xcode.app/Contents/Developer/Toolchains/XcodeDefault.xctoolchain --destination /Users/edwardtang/Library/Developer/Xcode/DerivedData/Lauver-ftoiobhfoetwriabqponzpqrztdt/Build/Products/Staging-iphoneos/Lauver.app/Frameworks --strip-bitcode --strip-bitcode-tool /Applications/Xcode.app/Contents/Developer/Toolchains/XcodeDefault.xctoolchain/usr/bin/bitcode_strip --emit-dependency-info /Users/edwardtang/Library/Developer/Xcode/DerivedData/Lauver-ftoiobhfoetwriabqponzpqrztdt/Build/Intermediates.noindex/Lauver.build/Staging-iphoneos/Lauver.build/SwiftStdLibToolInputDependencies.dep --filter-for-swift-os

ProcessInfoPlistFile /Users/edwardtang/Library/Developer/Xcode/DerivedData/Lauver-ftoiobhfoetwriabqponzpqrztdt/Build/Products/Staging-iphoneos/Lauver.app/Info.plist /Users/edwardtang/Desktop/Code/lauver-mobile/LauverNative/Lauver/Resources/Info.plist (in target 'Lauver' from project 'Lauver')
    cd /Users/edwardtang/Desktop/Code/lauver-mobile/LauverNative
    builtin-infoPlistUtility /Users/edwardtang/Desktop/Code/lauver-mobile/LauverNative/Lauver/Resources/Info.plist -producttype com.apple.product-type.application -genpkginfo /Users/edwardtang/Library/Developer/Xcode/DerivedData/Lauver-ftoiobhfoetwriabqponzpqrztdt/Build/Products/Staging-iphoneos/Lauver.app/PkgInfo -expandbuildsettings -format binary -platform iphoneos -additionalcontentfile /Users/edwardtang/Library/Developer/Xcode/DerivedData/Lauver-ftoiobhfoetwriabqponzpqrztdt/Build/Intermediates.noindex/Lauver.build/Staging-iphoneos/Lauver.build/assetcatalog_generated_info.plist -scanforprivacyfile /Users/edwardtang/Library/Developer/Xcode/DerivedData/Lauver-ftoiobhfoetwriabqponzpqrztdt/Build/Products/Staging-iphoneos/Lauver.app/StreamChatSwiftUI_StreamChatSwiftUI.bundle -scanforprivacyfile /Users/edwardtang/Library/Developer/Xcode/DerivedData/Lauver-ftoiobhfoetwriabqponzpqrztdt/Build/Products/Staging-iphoneos/Lauver.app/StreamChat_StreamChat.bundle -scanforprivacyfile /Users/edwardtang/Library/Developer/Xcode/DerivedData/Lauver-ftoiobhfoetwriabqponzpqrztdt/Build/Products/Staging-iphoneos/Lauver.app/StreamChat_StreamChatCommonUI.bundle -requiredArchitecture arm64 -o /Users/edwardtang/Library/Developer/Xcode/DerivedData/Lauver-ftoiobhfoetwriabqponzpqrztdt/Build/Products/Staging-iphoneos/Lauver.app/Info.plist

GenerateDSYMFile /Users/edwardtang/Library/Developer/Xcode/DerivedData/Lauver-ftoiobhfoetwriabqponzpqrztdt/Build/Products/Staging-iphoneos/Lauver.app.dSYM /Users/edwardtang/Library/Developer/Xcode/DerivedData/Lauver-ftoiobhfoetwriabqponzpqrztdt/Build/Products/Staging-iphoneos/Lauver.app/Lauver.debug.dylib (in target 'Lauver' from project 'Lauver')
    cd /Users/edwardtang/Desktop/Code/lauver-mobile/LauverNative
    /Applications/Xcode.app/Contents/Developer/Toolchains/XcodeDefault.xctoolchain/usr/bin/dsymutil /Users/edwardtang/Library/Developer/Xcode/DerivedData/Lauver-ftoiobhfoetwriabqponzpqrztdt/Build/Products/Staging-iphoneos/Lauver.app/Lauver.debug.dylib -o /Users/edwardtang/Library/Developer/Xcode/DerivedData/Lauver-ftoiobhfoetwriabqponzpqrztdt/Build/Products/Staging-iphoneos/Lauver.app.dSYM

AppIntentsSSUTraining (in target 'Lauver' from project 'Lauver')
    cd /Users/edwardtang/Desktop/Code/lauver-mobile/LauverNative
    /Applications/Xcode.app/Contents/Developer/Toolchains/XcodeDefault.xctoolchain/usr/bin/appintentsnltrainingprocessor --infoplist-path /Users/edwardtang/Library/Developer/Xcode/DerivedData/Lauver-ftoiobhfoetwriabqponzpqrztdt/Build/Products/Staging-iphoneos/Lauver.app/Info.plist --temp-dir-path /Users/edwardtang/Library/Developer/Xcode/DerivedData/Lauver-ftoiobhfoetwriabqponzpqrztdt/Build/Intermediates.noindex/Lauver.build/Staging-iphoneos/Lauver.build/ssu --bundle-id ai.lauver.app.staging --product-path /Users/edwardtang/Library/Developer/Xcode/DerivedData/Lauver-ftoiobhfoetwriabqponzpqrztdt/Build/Products/Staging-iphoneos/Lauver.app --extracted-metadata-path /Users/edwardtang/Library/Developer/Xcode/DerivedData/Lauver-ftoiobhfoetwriabqponzpqrztdt/Build/Products/Staging-iphoneos/Lauver.app/Metadata.appintents --metadata-file-list /Users/edwardtang/Library/Developer/Xcode/DerivedData/Lauver-ftoiobhfoetwriabqponzpqrztdt/Build/Intermediates.noindex/Lauver.build/Staging-iphoneos/Lauver.build/Lauver.DependencyMetadataFileList --source-file /Users/edwardtang/Library/Developer/Xcode/DerivedData/Lauver-ftoiobhfoetwriabqponzpqrztdt/Build/Products/Staging-iphoneos/Lauver.app/Info.plist --archive-ssu-assets
2026-09-21 18:21:14.013 appintentsnltrainingprocessor[2423:8059424] Parsing options for appintentsnltrainingprocessor
2026-09-21 18:21:14.014 appintentsnltrainingprocessor[2423:8059424] Starting AppIntents SSU YAML Generation
2026-09-21 18:21:14.017 appintentsnltrainingprocessor[2423:8059424] No AppShortcuts found - Skipping.

ProcessInfoPlistFile /Users/edwardtang/Library/Developer/Xcode/DerivedData/Lauver-ftoiobhfoetwriabqponzpqrztdt/Build/Products/Staging-iphoneos/Lauver.app/PlugIns/LauverTests.xctest/Info.plist /Users/edwardtang/Library/Developer/Xcode/DerivedData/Lauver-ftoiobhfoetwriabqponzpqrztdt/Build/Intermediates.noindex/Lauver.build/Staging-iphoneos/LauverTests.build/empty-LauverTests.plist (in target 'LauverTests' from project 'Lauver')
    cd /Users/edwardtang/Desktop/Code/lauver-mobile/LauverNative
    builtin-infoPlistUtility /Users/edwardtang/Library/Developer/Xcode/DerivedData/Lauver-ftoiobhfoetwriabqponzpqrztdt/Build/Intermediates.noindex/Lauver.build/Staging-iphoneos/LauverTests.build/empty-LauverTests.plist -producttype com.apple.product-type.bundle.unit-test -expandbuildsettings -format binary -platform iphoneos -scanforprivacyfile /Users/edwardtang/Library/Developer/Xcode/DerivedData/Lauver-ftoiobhfoetwriabqponzpqrztdt/Build/Products/Staging-iphoneos/Lauver.app/PlugIns/LauverTests.xctest/StreamChatSwiftUI_StreamChatSwiftUI.bundle -scanforprivacyfile /Users/edwardtang/Library/Developer/Xcode/DerivedData/Lauver-ftoiobhfoetwriabqponzpqrztdt/Build/Products/Staging-iphoneos/Lauver.app/PlugIns/LauverTests.xctest/StreamChat_StreamChat.bundle -scanforprivacyfile /Users/edwardtang/Library/Developer/Xcode/DerivedData/Lauver-ftoiobhfoetwriabqponzpqrztdt/Build/Products/Staging-iphoneos/Lauver.app/PlugIns/LauverTests.xctest/StreamChat_StreamChatCommonUI.bundle -requiredArchitecture arm64 -o /Users/edwardtang/Library/Developer/Xcode/DerivedData/Lauver-ftoiobhfoetwriabqponzpqrztdt/Build/Products/Staging-iphoneos/Lauver.app/PlugIns/LauverTests.xctest/Info.plist

CopySwiftLibs /Users/edwardtang/Library/Developer/Xcode/DerivedData/Lauver-ftoiobhfoetwriabqponzpqrztdt/Build/Products/Staging-iphoneos/Lauver.app/PlugIns/LauverTests.xctest (in target 'LauverTests' from project 'Lauver')
    cd /Users/edwardtang/Desktop/Code/lauver-mobile/LauverNative
    builtin-swiftStdLibTool --copy --verbose --sign 5385BE6841EF3C31FBF8A22E7F9AA66A25CF5AFA --scan-executable /Users/edwardtang/Library/Developer/Xcode/DerivedData/Lauver-ftoiobhfoetwriabqponzpqrztdt/Build/Products/Staging-iphoneos/Lauver.app/PlugIns/LauverTests.xctest/LauverTests --scan-folder /Users/edwardtang/Library/Developer/Xcode/DerivedData/Lauver-ftoiobhfoetwriabqponzpqrztdt/Build/Products/Staging-iphoneos/Lauver.app/PlugIns/LauverTests.xctest/Frameworks --scan-folder /Users/edwardtang/Library/Developer/Xcode/DerivedData/Lauver-ftoiobhfoetwriabqponzpqrztdt/Build/Products/Staging-iphoneos/Lauver.app/PlugIns/LauverTests.xctest/PlugIns --scan-folder /Users/edwardtang/Library/Developer/Xcode/DerivedData/Lauver-ftoiobhfoetwriabqponzpqrztdt/Build/Products/Staging-iphoneos/Lauver.app/PlugIns/LauverTests.xctest/SystemExtensions --scan-folder /Users/edwardtang/Library/Developer/Xcode/DerivedData/Lauver-ftoiobhfoetwriabqponzpqrztdt/Build/Products/Staging-iphoneos/Lauver.app/PlugIns/LauverTests.xctest/Extensions --platform iphoneos --toolchain /Applications/Xcode.app/Contents/Developer/Toolchains/XcodeDefault.xctoolchain --destination /Users/edwardtang/Library/Developer/Xcode/DerivedData/Lauver-ftoiobhfoetwriabqponzpqrztdt/Build/Products/Staging-iphoneos/Lauver.app/PlugIns/LauverTests.xctest/Frameworks --strip-bitcode --scan-executable /Applications/Xcode.app/Contents/Developer/Platforms/iPhoneOS.platform/Developer/usr/lib/libXCTestSwiftSupport.dylib --strip-bitcode-tool /Applications/Xcode.app/Contents/Developer/Toolchains/XcodeDefault.xctoolchain/usr/bin/bitcode_strip --emit-dependency-info /Users/edwardtang/Library/Developer/Xcode/DerivedData/Lauver-ftoiobhfoetwriabqponzpqrztdt/Build/Intermediates.noindex/Lauver.build/Staging-iphoneos/LauverTests.build/SwiftStdLibToolInputDependencies.dep --filter-for-swift-os

GenerateDSYMFile /Users/edwardtang/Library/Developer/Xcode/DerivedData/Lauver-ftoiobhfoetwriabqponzpqrztdt/Build/Products/Staging-iphoneos/Lauver.app/PlugIns/LauverTests.xctest.dSYM /Users/edwardtang/Library/Developer/Xcode/DerivedData/Lauver-ftoiobhfoetwriabqponzpqrztdt/Build/Products/Staging-iphoneos/Lauver.app/PlugIns/LauverTests.xctest/LauverTests (in target 'LauverTests' from project 'Lauver')
    cd /Users/edwardtang/Desktop/Code/lauver-mobile/LauverNative
    /Applications/Xcode.app/Contents/Developer/Toolchains/XcodeDefault.xctoolchain/usr/bin/dsymutil /Users/edwardtang/Library/Developer/Xcode/DerivedData/Lauver-ftoiobhfoetwriabqponzpqrztdt/Build/Products/Staging-iphoneos/Lauver.app/PlugIns/LauverTests.xctest/LauverTests -o /Users/edwardtang/Library/Developer/Xcode/DerivedData/Lauver-ftoiobhfoetwriabqponzpqrztdt/Build/Products/Staging-iphoneos/Lauver.app/PlugIns/LauverTests.xctest.dSYM

AppIntentsSSUTraining (in target 'LauverTests' from project 'Lauver')
    cd /Users/edwardtang/Desktop/Code/lauver-mobile/LauverNative
    /Applications/Xcode.app/Contents/Developer/Toolchains/XcodeDefault.xctoolchain/usr/bin/appintentsnltrainingprocessor --infoplist-path /Users/edwardtang/Library/Developer/Xcode/DerivedData/Lauver-ftoiobhfoetwriabqponzpqrztdt/Build/Products/Staging-iphoneos/Lauver.app/PlugIns/LauverTests.xctest/Info.plist --temp-dir-path /Users/edwardtang/Library/Developer/Xcode/DerivedData/Lauver-ftoiobhfoetwriabqponzpqrztdt/Build/Intermediates.noindex/Lauver.build/Staging-iphoneos/LauverTests.build/ssu --bundle-id ai.lauver.app.tests --product-path /Users/edwardtang/Library/Developer/Xcode/DerivedData/Lauver-ftoiobhfoetwriabqponzpqrztdt/Build/Products/Staging-iphoneos/Lauver.app/PlugIns/LauverTests.xctest --extracted-metadata-path /Users/edwardtang/Library/Developer/Xcode/DerivedData/Lauver-ftoiobhfoetwriabqponzpqrztdt/Build/Products/Staging-iphoneos/Lauver.app/PlugIns/LauverTests.xctest/Metadata.appintents --metadata-file-list /Users/edwardtang/Library/Developer/Xcode/DerivedData/Lauver-ftoiobhfoetwriabqponzpqrztdt/Build/Intermediates.noindex/Lauver.build/Staging-iphoneos/LauverTests.build/LauverTests.DependencyMetadataFileList --source-file /Users/edwardtang/Library/Developer/Xcode/DerivedData/Lauver-ftoiobhfoetwriabqponzpqrztdt/Build/Products/Staging-iphoneos/Lauver.app/PlugIns/LauverTests.xctest/Info.plist --archive-ssu-assets
2026-09-21 18:21:16.922 appintentsnltrainingprocessor[2432:8059487] Parsing options for appintentsnltrainingprocessor
2026-09-21 18:21:16.923 appintentsnltrainingprocessor[2432:8059487] Starting AppIntents SSU YAML Generation
2026-09-21 18:21:16.925 appintentsnltrainingprocessor[2432:8059487] No AppShortcuts found - Skipping.

CodeSign /Users/edwardtang/Library/Developer/Xcode/DerivedData/Lauver-ftoiobhfoetwriabqponzpqrztdt/Build/Products/Staging-iphoneos/Lauver.app/PlugIns/LauverTests.xctest (in target 'LauverTests' from project 'Lauver')
    cd /Users/edwardtang/Desktop/Code/lauver-mobile/LauverNative
    
    Signing Identity:     "Apple Development: Qianfu Tang (PPCDMN2WTS)"
    
    /usr/bin/codesign --force --sign 5385BE6841EF3C31FBF8A22E7F9AA66A25CF5AFA --timestamp\=none --generate-entitlement-der /Users/edwardtang/Library/Developer/Xcode/DerivedData/Lauver-ftoiobhfoetwriabqponzpqrztdt/Build/Products/Staging-iphoneos/Lauver.app/PlugIns/LauverTests.xctest
/Users/edwardtang/Library/Developer/Xcode/DerivedData/Lauver-ftoiobhfoetwriabqponzpqrztdt/Build/Products/Staging-iphoneos/Lauver.app/PlugIns/LauverTests.xctest: replacing existing signature

CodeSign /Users/edwardtang/Library/Developer/Xcode/DerivedData/Lauver-ftoiobhfoetwriabqponzpqrztdt/Build/Products/Staging-iphoneos/Lauver.app/Lauver.debug.dylib (in target 'Lauver' from project 'Lauver')
    cd /Users/edwardtang/Desktop/Code/lauver-mobile/LauverNative
    
    Signing Identity:     "Apple Development: Qianfu Tang (PPCDMN2WTS)"
    Provisioning Profile: "iOS Team Provisioning Profile: ai.lauver.app.staging"
                          (ad357800-7793-411d-82c4-a17995f1fd87)
    
    /usr/bin/codesign --force --sign 5385BE6841EF3C31FBF8A22E7F9AA66A25CF5AFA --timestamp\=none --generate-entitlement-der /Users/edwardtang/Library/Developer/Xcode/DerivedData/Lauver-ftoiobhfoetwriabqponzpqrztdt/Build/Products/Staging-iphoneos/Lauver.app/Lauver.debug.dylib
/Users/edwardtang/Library/Developer/Xcode/DerivedData/Lauver-ftoiobhfoetwriabqponzpqrztdt/Build/Products/Staging-iphoneos/Lauver.app/Lauver.debug.dylib: replacing existing signature

CodeSign /Users/edwardtang/Library/Developer/Xcode/DerivedData/Lauver-ftoiobhfoetwriabqponzpqrztdt/Build/Products/Staging-iphoneos/Lauver.app/__preview.dylib (in target 'Lauver' from project 'Lauver')
    cd /Users/edwardtang/Desktop/Code/lauver-mobile/LauverNative
    
    Signing Identity:     "Apple Development: Qianfu Tang (PPCDMN2WTS)"
    Provisioning Profile: "iOS Team Provisioning Profile: ai.lauver.app.staging"
                          (ad357800-7793-411d-82c4-a17995f1fd87)
    
    /usr/bin/codesign --force --sign 5385BE6841EF3C31FBF8A22E7F9AA66A25CF5AFA --timestamp\=none --generate-entitlement-der /Users/edwardtang/Library/Developer/Xcode/DerivedData/Lauver-ftoiobhfoetwriabqponzpqrztdt/Build/Products/Staging-iphoneos/Lauver.app/__preview.dylib
/Users/edwardtang/Library/Developer/Xcode/DerivedData/Lauver-ftoiobhfoetwriabqponzpqrztdt/Build/Products/Staging-iphoneos/Lauver.app/__preview.dylib: replacing existing signature

CodeSign /Users/edwardtang/Library/Developer/Xcode/DerivedData/Lauver-ftoiobhfoetwriabqponzpqrztdt/Build/Products/Staging-iphoneos/Lauver.app (in target 'Lauver' from project 'Lauver')
    cd /Users/edwardtang/Desktop/Code/lauver-mobile/LauverNative
    
    Signing Identity:     "Apple Development: Qianfu Tang (PPCDMN2WTS)"
    Provisioning Profile: "iOS Team Provisioning Profile: ai.lauver.app.staging"
                          (ad357800-7793-411d-82c4-a17995f1fd87)
    
    /usr/bin/codesign --force --sign 5385BE6841EF3C31FBF8A22E7F9AA66A25CF5AFA --entitlements /Users/edwardtang/Library/Developer/Xcode/DerivedData/Lauver-ftoiobhfoetwriabqponzpqrztdt/Build/Intermediates.noindex/Lauver.build/Staging-iphoneos/Lauver.build/Lauver.app.xcent --timestamp\=none --generate-entitlement-der /Users/edwardtang/Library/Developer/Xcode/DerivedData/Lauver-ftoiobhfoetwriabqponzpqrztdt/Build/Products/Staging-iphoneos/Lauver.app
/Users/edwardtang/Library/Developer/Xcode/DerivedData/Lauver-ftoiobhfoetwriabqponzpqrztdt/Build/Products/Staging-iphoneos/Lauver.app: replacing existing signature

Validate /Users/edwardtang/Library/Developer/Xcode/DerivedData/Lauver-ftoiobhfoetwriabqponzpqrztdt/Build/Products/Staging-iphoneos/Lauver.app (in target 'Lauver' from project 'Lauver')
    cd /Users/edwardtang/Desktop/Code/lauver-mobile/LauverNative
    builtin-validationUtility /Users/edwardtang/Library/Developer/Xcode/DerivedData/Lauver-ftoiobhfoetwriabqponzpqrztdt/Build/Products/Staging-iphoneos/Lauver.app -shallow-bundle -infoplist-subpath Info.plist

ProcessInfoPlistFile /Users/edwardtang/Library/Developer/Xcode/DerivedData/Lauver-ftoiobhfoetwriabqponzpqrztdt/Build/Products/Staging-iphoneos/LauverUITests-Runner.app/PlugIns/LauverUITests.xctest/Info.plist /Users/edwardtang/Desktop/Code/lauver-mobile/LauverNative/LauverUITests/Info.plist (in target 'LauverUITests' from project 'Lauver')
    cd /Users/edwardtang/Desktop/Code/lauver-mobile/LauverNative
    builtin-infoPlistUtility /Users/edwardtang/Desktop/Code/lauver-mobile/LauverNative/LauverUITests/Info.plist -producttype com.apple.product-type.bundle.ui-testing -expandbuildsettings -format binary -platform iphoneos -additionalcontentfile /Users/edwardtang/Library/Developer/Xcode/DerivedData/Lauver-ftoiobhfoetwriabqponzpqrztdt/Build/Intermediates.noindex/Lauver.build/Staging-iphoneos/LauverUITests.build/ProductTypeInfoPlistAdditions.plist -requiredArchitecture arm64 -o /Users/edwardtang/Library/Developer/Xcode/DerivedData/Lauver-ftoiobhfoetwriabqponzpqrztdt/Build/Products/Staging-iphoneos/LauverUITests-Runner.app/PlugIns/LauverUITests.xctest/Info.plist

CopySwiftLibs /Users/edwardtang/Library/Developer/Xcode/DerivedData/Lauver-ftoiobhfoetwriabqponzpqrztdt/Build/Products/Staging-iphoneos/LauverUITests-Runner.app/PlugIns/LauverUITests.xctest (in target 'LauverUITests' from project 'Lauver')
    cd /Users/edwardtang/Desktop/Code/lauver-mobile/LauverNative
    builtin-swiftStdLibTool --copy --verbose --sign 5385BE6841EF3C31FBF8A22E7F9AA66A25CF5AFA --scan-executable /Users/edwardtang/Library/Developer/Xcode/DerivedData/Lauver-ftoiobhfoetwriabqponzpqrztdt/Build/Products/Staging-iphoneos/LauverUITests-Runner.app/PlugIns/LauverUITests.xctest/LauverUITests --scan-folder /Users/edwardtang/Library/Developer/Xcode/DerivedData/Lauver-ftoiobhfoetwriabqponzpqrztdt/Build/Products/Staging-iphoneos/LauverUITests-Runner.app/PlugIns/LauverUITests.xctest/Frameworks --scan-folder /Users/edwardtang/Library/Developer/Xcode/DerivedData/Lauver-ftoiobhfoetwriabqponzpqrztdt/Build/Products/Staging-iphoneos/LauverUITests-Runner.app/PlugIns/LauverUITests.xctest/PlugIns --scan-folder /Users/edwardtang/Library/Developer/Xcode/DerivedData/Lauver-ftoiobhfoetwriabqponzpqrztdt/Build/Products/Staging-iphoneos/LauverUITests-Runner.app/PlugIns/LauverUITests.xctest/SystemExtensions --scan-folder /Users/edwardtang/Library/Developer/Xcode/DerivedData/Lauver-ftoiobhfoetwriabqponzpqrztdt/Build/Products/Staging-iphoneos/LauverUITests-Runner.app/PlugIns/LauverUITests.xctest/Extensions --platform iphoneos --toolchain /Applications/Xcode.app/Contents/Developer/Toolchains/XcodeDefault.xctoolchain --destination /Users/edwardtang/Library/Developer/Xcode/DerivedData/Lauver-ftoiobhfoetwriabqponzpqrztdt/Build/Products/Staging-iphoneos/LauverUITests-Runner.app/PlugIns/LauverUITests.xctest/Frameworks --strip-bitcode --scan-executable /Applications/Xcode.app/Contents/Developer/Platforms/iPhoneOS.platform/Developer/usr/lib/libXCTestSwiftSupport.dylib --strip-bitcode-tool /Applications/Xcode.app/Contents/Developer/Toolchains/XcodeDefault.xctoolchain/usr/bin/bitcode_strip --emit-dependency-info /Users/edwardtang/Library/Developer/Xcode/DerivedData/Lauver-ftoiobhfoetwriabqponzpqrztdt/Build/Intermediates.noindex/Lauver.build/Staging-iphoneos/LauverUITests.build/SwiftStdLibToolInputDependencies.dep --filter-for-swift-os

Test Suite 'All tests' started at 2026-09-21 18:21:22.751.
Test Suite 'LauverTests.xctest' started at 2026-09-21 18:21:22.751.
Test Suite 'APIClientTests' started at 2026-09-21 18:21:22.751.
Test Case '-[LauverTests.APIClientTests testCancelledIdempotentPatchIsNotRetried]' started.
Test Case '-[LauverTests.APIClientTests testCancelledIdempotentPatchIsNotRetried]' passed (0.001 seconds).
Test Case '-[LauverTests.APIClientTests testDecodesSuccessfulResponse]' started.
Test Case '-[LauverTests.APIClientTests testDecodesSuccessfulResponse]' passed (0.001 seconds).
Test Case '-[LauverTests.APIClientTests testExplicitlyIdempotentPatchRecoversFromLostConnection]' started.
2026-09-21 18:21:22.754324+0800 Lauver[4938:2578963] [Default] Task <CD0FD9C9-2185-4202-8FC4-29F4315B47BD>.<1> finished with error [-1005] Error Domain=NSURLErrorDomain Code=-1005 "(null)" UserInfo={_NSURLErrorRelatedURLSessionTaskErrorKey=(
    "LocalDataTask <CD0FD9C9-2185-4202-8FC4-29F4315B47BD>.<1>"
), _NSURLErrorFailingURLSessionTaskErrorKey=LocalDataTask <CD0FD9C9-2185-4202-8FC4-29F4315B47BD>.<1>}
Test Case '-[LauverTests.APIClientTests testExplicitlyIdempotentPatchRecoversFromLostConnection]' passed (0.001 seconds).
Test Case '-[LauverTests.APIClientTests testMaps401AndDoesNotRetry]' started.
Test Case '-[LauverTests.APIClientTests testMaps401AndDoesNotRetry]' passed (0.001 seconds).
Test Case '-[LauverTests.APIClientTests testMaps404WithPublicMessageAndRequestID]' started.
Test Case '-[LauverTests.APIClientTests testMaps404WithPublicMessageAndRequestID]' passed (0.001 seconds).
Test Case '-[LauverTests.APIClientTests testMaps409And429WithoutRetry]' started.
Test Case '-[LauverTests.APIClientTests testMaps409And429WithoutRetry]' passed (0.001 seconds).
Test Case '-[LauverTests.APIClientTests testMaps422PayloadAndDoesNotRetry]' started.
Test Case '-[LauverTests.APIClientTests testMaps422PayloadAndDoesNotRetry]' passed (0.001 seconds).
Test Case '-[LauverTests.APIClientTests testPatchWithoutExplicitOptInDoesNotRetry]' started.
2026-09-21 18:21:22.758666+0800 Lauver[4938:2578950] [Default] Task <2522053E-6387-4C16-9873-248ADACE031D>.<1> finished with error [-1005] Error Domain=NSURLErrorDomain Code=-1005 "(null)" UserInfo={_NSURLErrorRelatedURLSessionTaskErrorKey=(
    "LocalDataTask <2522053E-6387-4C16-9873-248ADACE031D>.<1>"
), _NSURLErrorFailingURLSessionTaskErrorKey=LocalDataTask <2522053E-6387-4C16-9873-248ADACE031D>.<1>}
Test Case '-[LauverTests.APIClientTests testPatchWithoutExplicitOptInDoesNotRetry]' passed (0.001 seconds).
Test Case '-[LauverTests.APIClientTests testPostConnectionRetriesRequireOptInAndRespectFailureBoundaries]' started.
2026-09-21 18:21:22.759369+0800 Lauver[4938:2578963] [Default] Task <CDE1F828-7767-4DF1-96BC-3E7809B1AAC5>.<1> finished with error [-1005] Error Domain=NSURLErrorDomain Code=-1005 "(null)" UserInfo={_NSURLErrorRelatedURLSessionTaskErrorKey=(
    "LocalDataTask <CDE1F828-7767-4DF1-96BC-3E7809B1AAC5>.<1>"
), _NSURLErrorFailingURLSessionTaskErrorKey=LocalDataTask <CDE1F828-7767-4DF1-96BC-3E7809B1AAC5>.<1>}
2026-09-21 18:21:22.759515+0800 Lauver[4938:2578953] [Default] Task <6411010F-CF66-405C-9481-ECF930DB64FA>.<2> finished with error [-1005] Error Domain=NSURLErrorDomain Code=-1005 "(null)" UserInfo={_NSURLErrorRelatedURLSessionTaskErrorKey=(
    "LocalDataTask <6411010F-CF66-405C-9481-ECF930DB64FA>.<2>"
), _NSURLErrorFailingURLSessionTaskErrorKey=LocalDataTask <6411010F-CF66-405C-9481-ECF930DB64FA>.<2>}
2026-09-21 18:21:22.759614+0800 Lauver[4938:2578950] [Default] Task <5B099953-E445-43D5-A9F7-1CAD5745C4B0>.<3> finished with error [-1005] Error Domain=NSURLErrorDomain Code=-1005 "(null)" UserInfo={_NSURLErrorRelatedURLSessionTaskErrorKey=(
    "LocalDataTask <5B099953-E445-43D5-A9F7-1CAD5745C4B0>.<3>"
), _NSURLErrorFailingURLSessionTaskErrorKey=LocalDataTask <5B099953-E445-43D5-A9F7-1CAD5745C4B0>.<3>}
2026-09-21 18:21:22.759713+0800 Lauver[4938:2578953] [Default] Task <610EF8CD-084B-488B-B1D8-F42385848948>.<4> finished with error [-1001] Error Domain=NSURLErrorDomain Code=-1001 "(null)" UserInfo={_NSURLErrorRelatedURLSessionTaskErrorKey=(
    "LocalDataTask <610EF8CD-084B-488B-B1D8-F42385848948>.<4>"
), _NSURLErrorFailingURLSessionTaskErrorKey=LocalDataTask <610EF8CD-084B-488B-B1D8-F42385848948>.<4>}
2026-09-21 18:21:22.759808+0800 Lauver[4938:2578963] [Default] Task <B03C88C4-D4CF-462F-B9FD-C786162073FE>.<5> finished with error [-1001] Error Domain=NSURLErrorDomain Code=-1001 "(null)" UserInfo={_NSURLErrorRelatedURLSessionTaskErrorKey=(
    "LocalDataTask <B03C88C4-D4CF-462F-B9FD-C786162073FE>.<5>"
), _NSURLErrorFailingURLSessionTaskErrorKey=LocalDataTask <B03C88C4-D4CF-462F-B9FD-C786162073FE>.<5>}
2026-09-21 18:21:22.759991+0800 Lauver[4938:2578953] [Default] Task <6306B283-9DB8-484D-806D-EBF30A814FB6>.<7> finished with error [-1009] Error Domain=NSURLErrorDomain Code=-1009 "(null)" UserInfo={_NSURLErrorRelatedURLSessionTaskErrorKey=(
    "LocalDataTask <6306B283-9DB8-484D-806D-EBF30A814FB6>.<7>"
), _NSURLErrorFailingURLSessionTaskErrorKey=LocalDataTask <6306B283-9DB8-484D-806D-EBF30A814FB6>.<7>}
Test Case '-[LauverTests.APIClientTests testPostConnectionRetriesRequireOptInAndRespectFailureBoundaries]' passed (0.001 seconds).
Test Case '-[LauverTests.APIClientTests testPostRequestsNeverRetry]' started.
Test Case '-[LauverTests.APIClientTests testPostRequestsNeverRetry]' passed (0.001 seconds).
Test Case '-[LauverTests.APIClientTests testRetries500WithinBoundaryThenReturnsServerError]' started.
Test Case '-[LauverTests.APIClientTests testRetries500WithinBoundaryThenReturnsServerError]' passed (0.001 seconds).
Test Case '-[LauverTests.APIClientTests testRetriesNoNetworkWithinBoundary]' started.
2026-09-21 18:21:22.762076+0800 Lauver[4938:2578953] [Default] Task <B2215005-3ED6-4301-BCC8-4D799A6D3877>.<1> finished with error [-1009] Error Domain=NSURLErrorDomain Code=-1009 "(null)" UserInfo={_NSURLErrorRelatedURLSessionTaskErrorKey=(
    "LocalDataTask <B2215005-3ED6-4301-BCC8-4D799A6D3877>.<1>"
), _NSURLErrorFailingURLSessionTaskErrorKey=LocalDataTask <B2215005-3ED6-4301-BCC8-4D799A6D3877>.<1>}
2026-09-21 18:21:22.762165+0800 Lauver[4938:2578963] [Default] Task <55E57F22-CA47-4423-928A-FD1DE103CBCC>.<2> finished with error [-1009] Error Domain=NSURLErrorDomain Code=-1009 "(null)" UserInfo={_NSURLErrorRelatedURLSessionTaskErrorKey=(
    "LocalDataTask <55E57F22-CA47-4423-928A-FD1DE103CBCC>.<2>"
), _NSURLErrorFailingURLSessionTaskErrorKey=LocalDataTask <55E57F22-CA47-4423-928A-FD1DE103CBCC>.<2>}
Test Case '-[LauverTests.APIClientTests testRetriesNoNetworkWithinBoundary]' passed (0.001 seconds).
Test Case '-[LauverTests.APIClientTests testRetriesTimeoutWithinBoundary]' started.
2026-09-21 18:21:22.762868+0800 Lauver[4938:2578953] [Default] Task <83B970D5-99E4-4414-8424-213835C87E2D>.<1> finished with error [-1001] Error Domain=NSURLErrorDomain Code=-1001 "(null)" UserInfo={_NSURLErrorRelatedURLSessionTaskErrorKey=(
    "LocalDataTask <83B970D5-99E4-4414-8424-213835C87E2D>.<1>"
), _NSURLErrorFailingURLSessionTaskErrorKey=LocalDataTask <83B970D5-99E4-4414-8424-213835C87E2D>.<1>}
2026-09-21 18:21:22.762960+0800 Lauver[4938:2578963] [Default] Task <A1FC1239-C08B-4059-A1A8-7D4F13B18A0A>.<2> finished with error [-1001] Error Domain=NSURLErrorDomain Code=-1001 "(null)" UserInfo={_NSURLErrorRelatedURLSessionTaskErrorKey=(
    "LocalDataTask <A1FC1239-C08B-4059-A1A8-7D4F13B18A0A>.<2>"
), _NSURLErrorFailingURLSessionTaskErrorKey=LocalDataTask <A1FC1239-C08B-4059-A1A8-7D4F13B18A0A>.<2>}
Test Case '-[LauverTests.APIClientTests testRetriesTimeoutWithinBoundary]' passed (0.001 seconds).
Test Case '-[LauverTests.APIClientTests testSignedPutRetriesTheSameURLOnConnectionLoss]' started.
2026-09-21 18:21:22.763638+0800 Lauver[4938:2578962] [Default] Task <F8A105FC-16D7-4F40-A394-F368EE39A58B>.<1> finished with error [-1005] Error Domain=NSURLErrorDomain Code=-1005 "(null)" UserInfo={_NSURLErrorRelatedURLSessionTaskErrorKey=(
    "LocalUploadTask <F8A105FC-16D7-4F40-A394-F368EE39A58B>.<1>"
), _NSURLErrorFailingURLSessionTaskErrorKey=LocalUploadTask <F8A105FC-16D7-4F40-A394-F368EE39A58B>.<1>}
Test Case '-[LauverTests.APIClientTests testSignedPutRetriesTheSameURLOnConnectionLoss]' passed (0.001 seconds).
Test Case '-[LauverTests.APIClientTests testSignedPutRetryIsBoundedAndDoesNotRetryCancellationOrHTTPFailures]' started.
2026-09-21 18:21:22.764369+0800 Lauver[4938:2578950] [Default] Task <EC870A92-07DD-4935-9D48-659398081664>.<1> finished with error [-1005] Error Domain=NSURLErrorDomain Code=-1005 "(null)" UserInfo={_NSURLErrorRelatedURLSessionTaskErrorKey=(
    "LocalUploadTask <EC870A92-07DD-4935-9D48-659398081664>.<1>"
), _NSURLErrorFailingURLSessionTaskErrorKey=LocalUploadTask <EC870A92-07DD-4935-9D48-659398081664>.<1>}
2026-09-21 18:21:22.764463+0800 Lauver[4938:2578963] [Default] Task <1FAA443F-C0F9-4C38-A74F-A4B30AC7B16B>.<2> finished with error [-1005] Error Domain=NSURLErrorDomain Code=-1005 "(null)" UserInfo={_NSURLErrorRelatedURLSessionTaskErrorKey=(
    "LocalUploadTask <1FAA443F-C0F9-4C38-A74F-A4B30AC7B16B>.<2>"
), _NSURLErrorFailingURLSessionTaskErrorKey=LocalUploadTask <1FAA443F-C0F9-4C38-A74F-A4B30AC7B16B>.<2>}
Test Case '-[LauverTests.APIClientTests testSignedPutRetryIsBoundedAndDoesNotRetryCancellationOrHTTPFailures]' passed (0.001 seconds).
Test Suite 'APIClientTests' passed at 2026-09-21 18:21:22.765.
	 Executed 15 tests, with 0 failures (0 unexpected) in 0.012 (0.014) seconds
Test Suite 'AppConfigurationTests' started at 2026-09-21 18:21:22.765.
Test Case '-[LauverTests.AppConfigurationTests testAppLanguageUsesSupportedLocaleAndPersistsSelection]' started.
Test Case '-[LauverTests.AppConfigurationTests testAppLanguageUsesSupportedLocaleAndPersistsSelection]' passed (0.002 seconds).
Test Case '-[LauverTests.AppConfigurationTests testConfigurationLoadsStagingValues]' started.
Test Case '-[LauverTests.AppConfigurationTests testConfigurationLoadsStagingValues]' passed (0.000 seconds).
Test Case '-[LauverTests.AppConfigurationTests testConfigurationRejectsInsecureAPIURL]' started.
Test Case '-[LauverTests.AppConfigurationTests testConfigurationRejectsInsecureAPIURL]' passed (0.000 seconds).
Test Case '-[LauverTests.AppConfigurationTests testConfigurationRejectsMissingEnvironment]' started.
Test Case '-[LauverTests.AppConfigurationTests testConfigurationRejectsMissingEnvironment]' passed (0.000 seconds).
Test Case '-[LauverTests.AppConfigurationTests testConfigurationRejectsUnknownEnvironment]' started.
Test Case '-[LauverTests.AppConfigurationTests testConfigurationRejectsUnknownEnvironment]' passed (0.000 seconds).
Test Case '-[LauverTests.AppConfigurationTests testConfigurationRejectsURLWithoutHost]' started.
Test Case '-[LauverTests.AppConfigurationTests testConfigurationRejectsURLWithoutHost]' passed (0.000 seconds).
Test Case '-[LauverTests.AppConfigurationTests testEnvironmentCasesRemainExplicit]' started.
Test Case '-[LauverTests.AppConfigurationTests testEnvironmentCasesRemainExplicit]' passed (0.000 seconds).
Test Case '-[LauverTests.AppConfigurationTests testMetadataUsesExpectedDisplayName]' started.
Test Case '-[LauverTests.AppConfigurationTests testMetadataUsesExpectedDisplayName]' passed (0.000 seconds).
Test Suite 'AppConfigurationTests' passed at 2026-09-21 18:21:22.770.
	 Executed 8 tests, with 0 failures (0 unexpected) in 0.004 (0.005) seconds
Test Suite 'AppViewModelTests' started at 2026-09-21 18:21:22.770.
Test Case '-[LauverTests.AppViewModelTests testAppleSignInSavesOnlyTheLocalCredentialIdentifierAfterBackendSuccess]' started.
Test Case '-[LauverTests.AppViewModelTests testAppleSignInSavesOnlyTheLocalCredentialIdentifierAfterBackendSuccess]' passed (0.000 seconds).
Test Case '-[LauverTests.AppViewModelTests testAuthenticationShellAndSignOutFlow]' started.
Test Case '-[LauverTests.AppViewModelTests testAuthenticationShellAndSignOutFlow]' passed (0.000 seconds).
Test Case '-[LauverTests.AppViewModelTests testDeletedKeychainTokensReturnToLoginWithoutNetworkAuth]' started.
Test Case '-[LauverTests.AppViewModelTests testDeletedKeychainTokensReturnToLoginWithoutNetworkAuth]' passed (0.000 seconds).
Test Case '-[LauverTests.AppViewModelTests testHealthFailurePreservesPublicRequestIDForSupport]' started.
Test Case '-[LauverTests.AppViewModelTests testHealthFailurePreservesPublicRequestIDForSupport]' passed (0.000 seconds).
Test Case '-[LauverTests.AppViewModelTests testHealthSuccessShowsOnlineAndRestoresNonSensitiveTabState]' started.
Test Case '-[LauverTests.AppViewModelTests testHealthSuccessShowsOnlineAndRestoresNonSensitiveTabState]' passed (0.000 seconds).
Test Case '-[LauverTests.AppViewModelTests testInvalidRefreshTokenClearsSavedSessionAndReturnsToLogin]' started.
Test Case '-[LauverTests.AppViewModelTests testInvalidRefreshTokenClearsSavedSessionAndReturnsToLogin]' passed (0.000 seconds).
Test Case '-[LauverTests.AppViewModelTests testLoginTimeoutStopsSubmittingAndAllowsSuccessfulRetry]' started.
Test Case '-[LauverTests.AppViewModelTests testLoginTimeoutStopsSubmittingAndAllowsSuccessfulRetry]' passed (0.000 seconds).
Test Case '-[LauverTests.AppViewModelTests testRegisterSavesTokensAndAuthenticates]' started.
Test Case '-[LauverTests.AppViewModelTests testRegisterSavesTokensAndAuthenticates]' passed (0.000 seconds).
Test Case '-[LauverTests.AppViewModelTests testRevokedAppleCredentialClearsSessionBeforeCallingBackendRestore]' started.
Test Case '-[LauverTests.AppViewModelTests testRevokedAppleCredentialClearsSessionBeforeCallingBackendRestore]' passed (0.000 seconds).
Test Case '-[LauverTests.AppViewModelTests testRuntimeSessionExpiryReturnsToLoginAndClearsAccountState]' started.
Test Case '-[LauverTests.AppViewModelTests testRuntimeSessionExpiryReturnsToLoginAndClearsAccountState]' passed (0.000 seconds).
Test Case '-[LauverTests.AppViewModelTests testSessionRestoreRotatesRefreshTokenAfterUnauthorizedAccessToken]' started.
Test Case '-[LauverTests.AppViewModelTests testSessionRestoreRotatesRefreshTokenAfterUnauthorizedAccessToken]' passed (0.000 seconds).
Test Suite 'AppViewModelTests' passed at 2026-09-21 18:21:22.776.
	 Executed 11 tests, with 0 failures (0 unexpected) in 0.005 (0.006) seconds
Test Suite 'AppleSignInTests' started at 2026-09-21 18:21:22.776.
Test Case '-[LauverTests.AppleSignInTests testNonceHashUsesSHA256Hex]' started.
Test Case '-[LauverTests.AppleSignInTests testNonceHashUsesSHA256Hex]' passed (0.000 seconds).
Test Case '-[LauverTests.AppleSignInTests testNonceIsRandomURLSafeAndLongEnough]' started.
Test Case '-[LauverTests.AppleSignInTests testNonceIsRandomURLSafeAndLongEnough]' passed (0.000 seconds).
Test Suite 'AppleSignInTests' passed at 2026-09-21 18:21:22.777.
	 Executed 2 tests, with 0 failures (0 unexpected) in 0.001 (0.001) seconds
Test Suite 'AuthServiceTests' started at 2026-09-21 18:21:22.777.
Test Case '-[LauverTests.AuthServiceTests testAppleSignInSendsProofAndFirstLoginDataButNotTheLocalUserIdentifier]' started.
Test Case '-[LauverTests.AuthServiceTests testAppleSignInSendsProofAndFirstLoginDataButNotTheLocalUserIdentifier]' passed (0.001 seconds).
Test Case '-[LauverTests.AuthServiceTests testForgotPasswordUsesTheContractPathAndOnlySendsEmail]' started.
Test Case '-[LauverTests.AuthServiceTests testForgotPasswordUsesTheContractPathAndOnlySendsEmail]' passed (0.001 seconds).
Test Case '-[LauverTests.AuthServiceTests testLogoutAcceptsAnEmptySuccessResponse]' started.
Test Case '-[LauverTests.AuthServiceTests testLogoutAcceptsAnEmptySuccessResponse]' passed (0.001 seconds).
Test Case '-[LauverTests.AuthServiceTests testRegisterSendsCredentialsAndDecodesSession]' started.
Test Case '-[LauverTests.AuthServiceTests testRegisterSendsCredentialsAndDecodesSession]' passed (0.001 seconds).
Test Case '-[LauverTests.AuthServiceTests testResetPasswordUsesTheContractPathAndDoesNotSendAnIdentity]' started.
Test Case '-[LauverTests.AuthServiceTests testResetPasswordUsesTheContractPathAndDoesNotSendAnIdentity]' passed (0.001 seconds).
Test Case '-[LauverTests.AuthServiceTests testRestoreUsesBearerTokenRatherThanARequestBodyUserID]' started.
Test Case '-[LauverTests.AuthServiceTests testRestoreUsesBearerTokenRatherThanARequestBodyUserID]' passed (0.001 seconds).
Test Suite 'AuthServiceTests' passed at 2026-09-21 18:21:22.782.
	 Executed 6 tests, with 0 failures (0 unexpected) in 0.004 (0.004) seconds
Test Suite 'AuthSessionStoreTests' started at 2026-09-21 18:21:22.782.
Test Case '-[LauverTests.AuthSessionStoreTests testAppleUserIdentifierUsesTheDedicatedSecureAccountAndCanBeCleared]' started.
Test Case '-[LauverTests.AuthSessionStoreTests testAppleUserIdentifierUsesTheDedicatedSecureAccountAndCanBeCleared]' passed (0.000 seconds).
Test Case '-[LauverTests.AuthSessionStoreTests testMissingOneTokenDeletesTheIncompleteSession]' started.
Test Case '-[LauverTests.AuthSessionStoreTests testMissingOneTokenDeletesTheIncompleteSession]' passed (0.000 seconds).
Test Case '-[LauverTests.AuthSessionStoreTests testPartialSaveFailureRollsBackEveryToken]' started.
Test Case '-[LauverTests.AuthSessionStoreTests testPartialSaveFailureRollsBackEveryToken]' passed (0.000 seconds).
Test Case '-[LauverTests.AuthSessionStoreTests testSavesReadsAndClearsBothTokens]' started.
Test Case '-[LauverTests.AuthSessionStoreTests testSavesReadsAndClearsBothTokens]' passed (0.000 seconds).
Test Suite 'AuthSessionStoreTests' passed at 2026-09-21 18:21:22.784.
	 Executed 4 tests, with 0 failures (0 unexpected) in 0.001 (0.002) seconds
Test Suite 'DesignSystemTests' started at 2026-09-21 18:21:22.784.
Test Case '-[LauverTests.DesignSystemTests testFourStateComponentsHaveStableDistinctIdentifiers]' started.
Test Case '-[LauverTests.DesignSystemTests testFourStateComponentsHaveStableDistinctIdentifiers]' passed (0.000 seconds).
Test Case '-[LauverTests.DesignSystemTests testMVPContainsOnlyApprovedTabs]' started.
Test Case '-[LauverTests.DesignSystemTests testMVPContainsOnlyApprovedTabs]' passed (0.000 seconds).
Test Suite 'DesignSystemTests' passed at 2026-09-21 18:21:22.785.
	 Executed 2 tests, with 0 failures (0 unexpected) in 0.001 (0.001) seconds
Test Suite 'DiscoverTests' started at 2026-09-21 18:21:22.785.
Test Case '-[LauverTests.DiscoverTests testCancellationDoesNotShowConnectionError]' started.
Test Case '-[LauverTests.DiscoverTests testCancellationDoesNotShowConnectionError]' passed (0.001 seconds).
Test Case '-[LauverTests.DiscoverTests testChangedCursorRetriesFromFirstPage]' started.
Test Case '-[LauverTests.DiscoverTests testChangedCursorRetriesFromFirstPage]' passed (0.000 seconds).
Test Case '-[LauverTests.DiscoverTests testDurationAndSpeedRangeSummariesUseActualUnits]' started.
Test Case '-[LauverTests.DiscoverTests testDurationAndSpeedRangeSummariesUseActualUnits]' passed (0.001 seconds).
Test Case '-[LauverTests.DiscoverTests testExpiredSessionClearsPreviouslyVisibleProfilesAndCursor]' started.
Test Case '-[LauverTests.DiscoverTests testExpiredSessionClearsPreviouslyVisibleProfilesAndCursor]' passed (0.000 seconds).
Test Case '-[LauverTests.DiscoverTests testFailedFilterChangeDoesNotShowOldRowsUnderNewFilters]' started.
Test Case '-[LauverTests.DiscoverTests testFailedFilterChangeDoesNotShowOldRowsUnderNewFilters]' passed (0.000 seconds).
Test Case '-[LauverTests.DiscoverTests testFilterPathEncodesQueryAndOmitsPaceWithoutSport]' started.
Test Case '-[LauverTests.DiscoverTests testFilterPathEncodesQueryAndOmitsPaceWithoutSport]' passed (0.000 seconds).
Test Case '-[LauverTests.DiscoverTests testPaginationRetryPreservesRowsAndCursor]' started.
Test Case '-[LauverTests.DiscoverTests testPaginationRetryPreservesRowsAndCursor]' passed (0.001 seconds).
Test Case '-[LauverTests.DiscoverTests testStalePageCannotOverwriteNewFilters]' started.
Test Case '-[LauverTests.DiscoverTests testStalePageCannotOverwriteNewFilters]' passed (0.000 seconds).
Test Case '-[LauverTests.DiscoverTests testUnlimitedRadiusIsExplicitAndChangingRadiusStartsANewTraversal]' started.
Test Case '-[LauverTests.DiscoverTests testUnlimitedRadiusIsExplicitAndChangingRadiusStartsANewTraversal]' passed (0.000 seconds).
Test Suite 'DiscoverTests' passed at 2026-09-21 18:21:22.791.
	 Executed 9 tests, with 0 failures (0 unexpected) in 0.005 (0.006) seconds
Test Suite 'EventsPaginationTests' started at 2026-09-21 18:21:22.791.
Test Case '-[LauverTests.EventsPaginationTests testCreatedEventBeyondFirstPageSurvivesRefreshAndPaginationWithoutDuplicates]' started.
Test Case '-[LauverTests.EventsPaginationTests testCreatedEventBeyondFirstPageSurvivesRefreshAndPaginationWithoutDuplicates]' passed (0.001 seconds).
Test Case '-[LauverTests.EventsPaginationTests testFailedNextPageKeepsRowsAndCursorForRetry]' started.
Test Case '-[LauverTests.EventsPaginationTests testFailedNextPageKeepsRowsAndCursorForRetry]' passed (0.001 seconds).
Test Case '-[LauverTests.EventsPaginationTests testMutationDuringOlderListRequestSurvivesResponse]' started.
Test Case '-[LauverTests.EventsPaginationTests testMutationDuringOlderListRequestSurvivesResponse]' passed (0.001 seconds).
Test Case '-[LauverTests.EventsPaginationTests testServerCancellationReplacesLocallySavedEventOnRefresh]' started.
Test Case '-[LauverTests.EventsPaginationTests testServerCancellationReplacesLocallySavedEventOnRefresh]' passed (0.001 seconds).
Test Suite 'EventsPaginationTests' passed at 2026-09-21 18:21:22.794.
	 Executed 4 tests, with 0 failures (0 unexpected) in 0.003 (0.003) seconds
Test Suite 'KeychainStoreTests' started at 2026-09-21 18:21:22.794.
Test Case '-[LauverTests.KeychainStoreTests testTokenSurvivesAdapterRecreationAndCanBeDeleted]' started.
Test Case '-[LauverTests.KeychainStoreTests testTokenSurvivesAdapterRecreationAndCanBeDeleted]' passed (0.002 seconds).
Test Case '-[LauverTests.KeychainStoreTests testUpdatingTokenReplacesExistingValue]' started.
Test Case '-[LauverTests.KeychainStoreTests testUpdatingTokenReplacesExistingValue]' passed (0.002 seconds).
Test Suite 'KeychainStoreTests' passed at 2026-09-21 18:21:22.798.
	 Executed 2 tests, with 0 failures (0 unexpected) in 0.004 (0.004) seconds
Test Suite 'ProfileServiceTests' started at 2026-09-21 18:21:22.798.
Test Case '-[LauverTests.ProfileServiceTests testBlockedUsersCursorAndPrivateCityContract]' started.
Test Case '-[LauverTests.ProfileServiceTests testBlockedUsersCursorAndPrivateCityContract]' passed (0.001 seconds).
Test Case '-[LauverTests.ProfileServiceTests testConcurrentProfileAndSafetyRequestsRotateRefreshTokenOnlyOnce]' started.
Test Case '-[LauverTests.ProfileServiceTests testConcurrentProfileAndSafetyRequestsRotateRefreshTokenOnlyOnce]' passed (0.001 seconds).
Test Case '-[LauverTests.ProfileServiceTests testCreateEventDoesNotReplayWhenCommittedResponseIsLost]' started.
2026-09-21 18:21:22.801004+0800 Lauver[4938:2578950] [Default] Task <4E4B22F7-ED87-4226-BBBC-B6590F97B041>.<1> finished with error [-1005] Error Domain=NSURLErrorDomain Code=-1005 "(null)" UserInfo={_NSURLErrorRelatedURLSessionTaskErrorKey=(
    "LocalDataTask <4E4B22F7-ED87-4226-BBBC-B6590F97B041>.<1>"
), _NSURLErrorFailingURLSessionTaskErrorKey=LocalDataTask <4E4B22F7-ED87-4226-BBBC-B6590F97B041>.<1>}
Test Case '-[LauverTests.ProfileServiceTests testCreateEventDoesNotReplayWhenCommittedResponseIsLost]' passed (0.001 seconds).
Test Case '-[LauverTests.ProfileServiceTests testDeleteAccountUsesBearerTokenAndDecodesDeletionJob]' started.
Test Case '-[LauverTests.ProfileServiceTests testDeleteAccountUsesBearerTokenAndDecodesDeletionJob]' passed (0.001 seconds).
Test Case '-[LauverTests.ProfileServiceTests testDiscoverSendsAuthenticatedFiltersAndDecodesCityWithoutCoordinates]' started.
Test Case '-[LauverTests.ProfileServiceTests testDiscoverSendsAuthenticatedFiltersAndDecodesCityWithoutCoordinates]' passed (0.001 seconds).
Test Case '-[LauverTests.ProfileServiceTests testDraftBackfillsPaceAsMinutesAndSeconds]' started.
Test Case '-[LauverTests.ProfileServiceTests testDraftBackfillsPaceAsMinutesAndSeconds]' passed (0.000 seconds).
Test Case '-[LauverTests.ProfileServiceTests testDurationPaceFormattingAndParsing]' started.
Test Case '-[LauverTests.ProfileServiceTests testDurationPaceFormattingAndParsing]' passed (0.000 seconds).
Test Case '-[LauverTests.ProfileServiceTests testFailedPhotoPutDoesNotCompleteUpload]' started.
2026-09-21 18:21:22.804625+0800 Lauver[4938:2578950] [Default] Task <AF687DB9-5486-4A02-B126-34EE4AAC563D>.<2> finished with error [-1005] Error Domain=NSURLErrorDomain Code=-1005 "(null)" UserInfo={_NSURLErrorRelatedURLSessionTaskErrorKey=(
    "LocalUploadTask <AF687DB9-5486-4A02-B126-34EE4AAC563D>.<2>"
), _NSURLErrorFailingURLSessionTaskErrorKey=LocalUploadTask <AF687DB9-5486-4A02-B126-34EE4AAC563D>.<2>}
Test Case '-[LauverTests.ProfileServiceTests testFailedPhotoPutDoesNotCompleteUpload]' passed (0.001 seconds).
Test Case '-[LauverTests.ProfileServiceTests testInvalidDurationPaceDoesNotSendRequest]' started.
Test Case '-[LauverTests.ProfileServiceTests testInvalidDurationPaceDoesNotSendRequest]' passed (0.000 seconds).
Test Case '-[LauverTests.ProfileServiceTests testLargePhotoOutputIsBoundedInPixelsRegardlessOfScreenScale]' started.
Test Case '-[LauverTests.ProfileServiceTests testLargePhotoOutputIsBoundedInPixelsRegardlessOfScreenScale]' passed (0.059 seconds).
Test Case '-[LauverTests.ProfileServiceTests testMatchVisibilityReadsAndPersistsWithExistingPreferences]' started.
Test Case '-[LauverTests.ProfileServiceTests testMatchVisibilityReadsAndPersistsWithExistingPreferences]' passed (0.001 seconds).
Test Case '-[LauverTests.ProfileServiceTests testOfflineRefreshPreservesTokensForRecovery]' started.
Test Case '-[LauverTests.ProfileServiceTests testOfflineRefreshPreservesTokensForRecovery]' passed (0.001 seconds).
Test Case '-[LauverTests.ProfileServiceTests testPhotoProcessingCenterCropsAndCompressesToJPEG]' started.
Test Case '-[LauverTests.ProfileServiceTests testPhotoProcessingCenterCropsAndCompressesToJPEG]' passed (0.018 seconds).
Test Case '-[LauverTests.ProfileServiceTests testPhotoUploadRecoversFromConnectionLossAtEveryStage]' started.
2026-09-21 18:21:22.885691+0800 Lauver[4938:2578950] [Default] Task <CAADABB5-635D-4577-ABA2-40D7094A8931>.<1> finished with error [-1005] Error Domain=NSURLErrorDomain Code=-1005 "(null)" UserInfo={_NSURLErrorRelatedURLSessionTaskErrorKey=(
    "LocalDataTask <CAADABB5-635D-4577-ABA2-40D7094A8931>.<1>"
), _NSURLErrorFailingURLSessionTaskErrorKey=LocalDataTask <CAADABB5-635D-4577-ABA2-40D7094A8931>.<1>}
2026-09-21 18:21:22.886583+0800 Lauver[4938:2578961] [Default] Task <17258BC1-308D-4BEA-AA94-62EDCBAF1B0D>.<6> finished with error [-1005] Error Domain=NSURLErrorDomain Code=-1005 "(null)" UserInfo={_NSURLErrorRelatedURLSessionTaskErrorKey=(
    "LocalUploadTask <17258BC1-308D-4BEA-AA94-62EDCBAF1B0D>.<6>"
), _NSURLErrorFailingURLSessionTaskErrorKey=LocalUploadTask <17258BC1-308D-4BEA-AA94-62EDCBAF1B0D>.<6>}
2026-09-21 18:21:22.887269+0800 Lauver[4938:2578953] [Default] Task <20D9F7F4-BED8-4555-BDCE-2A543B7BA63C>.<11> finished with error [-1005] Error Domain=NSURLErrorDomain Code=-1005 "(null)" UserInfo={_NSURLErrorRelatedURLSessionTaskErrorKey=(
    "LocalDataTask <20D9F7F4-BED8-4555-BDCE-2A543B7BA63C>.<11>"
), _NSURLErrorFailingURLSessionTaskErrorKey=LocalDataTask <20D9F7F4-BED8-4555-BDCE-2A543B7BA63C>.<11>}
Test Case '-[LauverTests.ProfileServiceTests testPhotoUploadRecoversFromConnectionLossAtEveryStage]' passed (0.002 seconds).
Test Case '-[LauverTests.ProfileServiceTests testPublicProfileContractDecodesWithoutCoordinates]' started.
Test Case '-[LauverTests.ProfileServiceTests testPublicProfileContractDecodesWithoutCoordinates]' passed (0.000 seconds).
Test Case '-[LauverTests.ProfileServiceTests testReadsOwnProfileWithBearerToken]' started.
Test Case '-[LauverTests.ProfileServiceTests testReadsOwnProfileWithBearerToken]' passed (0.001 seconds).
Test Case '-[LauverTests.ProfileServiceTests testRefreshCannotOverwriteANewlySignedInAccount]' started.
Test Case '-[LauverTests.ProfileServiceTests testRefreshCannotOverwriteANewlySignedInAccount]' passed (0.001 seconds).
Test Case '-[LauverTests.ProfileServiceTests testRefreshCannotRestoreTokensAfterSignOut]' started.
Test Case '-[LauverTests.ProfileServiceTests testRefreshCannotRestoreTokensAfterSignOut]' passed (0.001 seconds).
Test Case '-[LauverTests.ProfileServiceTests testRejectedRefreshClearsTokensAndNotifiesSessionExpiry]' started.
Test Case '-[LauverTests.ProfileServiceTests testRejectedRefreshClearsTokensAndNotifiesSessionExpiry]' passed (0.003 seconds).
Test Case '-[LauverTests.ProfileServiceTests testReportsDoNotAutomaticallyRetryLostResponses]' started.
2026-09-21 18:21:22.893924+0800 Lauver[4938:2578961] [Default] Task <B74F2A3E-4259-4DF5-B999-F3C6E3FEC10C>.<1> finished with error [-1005] Error Domain=NSURLErrorDomain Code=-1005 "(null)" UserInfo={_NSURLErrorRelatedURLSessionTaskErrorKey=(
    "LocalDataTask <B74F2A3E-4259-4DF5-B999-F3C6E3FEC10C>.<1>"
), _NSURLErrorFailingURLSessionTaskErrorKey=LocalDataTask <B74F2A3E-4259-4DF5-B999-F3C6E3FEC10C>.<1>}
Test Case '-[LauverTests.ProfileServiceTests testReportsDoNotAutomaticallyRetryLostResponses]' passed (0.001 seconds).
Test Case '-[LauverTests.ProfileServiceTests testSafetyWritesDeriveIdentityFromTokensAndDecodeReportReference]' started.
Test Case '-[LauverTests.ProfileServiceTests testSafetyWritesDeriveIdentityFromTokensAndDecodeReportReference]' passed (0.001 seconds).
Test Case '-[LauverTests.ProfileServiceTests testStravaRequestsUseSharedAuthenticationAndOnlyReturnSummaries]' started.
Test Case '-[LauverTests.ProfileServiceTests testStravaRequestsUseSharedAuthenticationAndOnlyReturnSummaries]' passed (0.011 seconds).
Test Case '-[LauverTests.ProfileServiceTests testStravaStartDoesNotAutomaticallyReplayLostResponse]' started.
2026-09-21 18:21:22.907259+0800 Lauver[4938:2578962] [Default] Task <FA832CEB-DB5E-4A8E-B218-120949BF2AAD>.<1> finished with error [-1005] Error Domain=NSURLErrorDomain Code=-1005 "(null)" UserInfo={_NSURLErrorRelatedURLSessionTaskErrorKey=(
    "LocalDataTask <FA832CEB-DB5E-4A8E-B218-120949BF2AAD>.<1>"
), _NSURLErrorFailingURLSessionTaskErrorKey=LocalDataTask <FA832CEB-DB5E-4A8E-B218-120949BF2AAD>.<1>}
Test Case '-[LauverTests.ProfileServiceTests testStravaStartDoesNotAutomaticallyReplayLostResponse]' passed (0.001 seconds).
Test Case '-[LauverTests.ProfileServiceTests testUnauthorizedProfileRequestRefreshesAndPersistsRotatedTokens]' started.
Test Case '-[LauverTests.ProfileServiceTests testUnauthorizedProfileRequestRefreshesAndPersistsRotatedTokens]' passed (0.001 seconds).
Test Case '-[LauverTests.ProfileServiceTests testUpdateEncodesMissingCityRegionAsExplicitNull]' started.
Test Case '-[LauverTests.ProfileServiceTests testUpdateEncodesMissingCityRegionAsExplicitNull]' passed (0.001 seconds).
Test Case '-[LauverTests.ProfileServiceTests testUpdateSendsCityCenterAndPaceValueWithoutDerivedFieldsOrIdentity]' started.
Test Case '-[LauverTests.ProfileServiceTests testUpdateSendsCityCenterAndPaceValueWithoutDerivedFieldsOrIdentity]' passed (0.001 seconds).
Test Suite 'ProfileServiceTests' passed at 2026-09-21 18:21:22.910.
	 Executed 26 tests, with 0 failures (0 unexpected) in 0.109 (0.112) seconds
Test Suite 'ProfileViewModelCancellationTests' started at 2026-09-21 18:21:22.910.
Test Case '-[LauverTests.ProfileViewModelCancellationTests testActualNetworkFailureIsStillShownWithTheExistingProfile]' started.
Test Case '-[LauverTests.ProfileViewModelCancellationTests testActualNetworkFailureIsStillShownWithTheExistingProfile]' passed (0.000 seconds).
Test Case '-[LauverTests.ProfileViewModelCancellationTests testAllCancellationRepresentationsAreSilentAndAllowAnotherLoad]' started.
Test Case '-[LauverTests.ProfileViewModelCancellationTests testAllCancellationRepresentationsAreSilentAndAllowAnotherLoad]' passed (0.000 seconds).
Test Case '-[LauverTests.ProfileViewModelCancellationTests testAlreadyCancelledLoadDoesNotSendARequest]' started.
Test Case '-[LauverTests.ProfileViewModelCancellationTests testAlreadyCancelledLoadDoesNotSendARequest]' passed (0.000 seconds).
Test Case '-[LauverTests.ProfileViewModelCancellationTests testCancelledLoadCannotOverwriteANewerSavedPhoto]' started.
Test Case '-[LauverTests.ProfileViewModelCancellationTests testCancelledLoadCannotOverwriteANewerSavedPhoto]' passed (0.001 seconds).
Test Case '-[LauverTests.ProfileViewModelCancellationTests testCancelledReloadKeepsTheUploadedPhotoWithoutAnError]' started.
Test Case '-[LauverTests.ProfileViewModelCancellationTests testCancelledReloadKeepsTheUploadedPhotoWithoutAnError]' passed (0.000 seconds).
Test Case '-[LauverTests.ProfileViewModelCancellationTests testRetryAfterReorderFailureDoesNotReuploadCommittedPhotos]' started.
Test Case '-[LauverTests.ProfileViewModelCancellationTests testRetryAfterReorderFailureDoesNotReuploadCommittedPhotos]' passed (0.001 seconds).
Test Suite 'ProfileViewModelCancellationTests' passed at 2026-09-21 18:21:22.914.
	 Executed 6 tests, with 0 failures (0 unexpected) in 0.003 (0.004) seconds
Test Suite 'SafetyViewModelTests' started at 2026-09-21 18:21:22.914.
Test Case '-[LauverTests.SafetyViewModelTests testBlockedPageFailureKeepsCursorButFailedRefreshRetriesFirstPage]' started.
Test Case '-[LauverTests.SafetyViewModelTests testBlockedPageFailureKeepsCursorButFailedRefreshRetriesFirstPage]' passed (0.001 seconds).
Test Case '-[LauverTests.SafetyViewModelTests testFailedUnblockKeepsEntryAndSuccessfulRetryRemovesIt]' started.
Test Case '-[LauverTests.SafetyViewModelTests testFailedUnblockKeepsEntryAndSuccessfulRetryRemovesIt]' passed (0.000 seconds).
Test Case '-[LauverTests.SafetyViewModelTests testReportFailureCanRetryButSuccessCannotBeSubmittedTwice]' started.
Test Case '-[LauverTests.SafetyViewModelTests testReportFailureCanRetryButSuccessCannotBeSubmittedTwice]' passed (0.001 seconds).
Test Suite 'SafetyViewModelTests' passed at 2026-09-21 18:21:22.916.
	 Executed 3 tests, with 0 failures (0 unexpected) in 0.002 (0.002) seconds
Test Suite 'StravaTests' started at 2026-09-21 18:21:22.916.
Test Case '-[LauverTests.StravaTests testActivityDatesAcceptFractionalSecondsAndRejectInvalidDates]' started.
Test Case '-[LauverTests.StravaTests testActivityDatesAcceptFractionalSecondsAndRejectInvalidDates]' passed (0.001 seconds).
Test Case '-[LauverTests.StravaTests testAuthorizationURLAndCallbackRequireExpectedHostReadOnlyScopeAndExactState]' started.
Test Case '-[LauverTests.StravaTests testAuthorizationURLAndCallbackRequireExpectedHostReadOnlyScopeAndExactState]' passed (0.000 seconds).
Test Case '-[LauverTests.StravaTests testLoadAndConnectUseServerStatusRatherThanCallbackClaim]' started.
Test Case '-[LauverTests.StravaTests testLoadAndConnectUseServerStatusRatherThanCallbackClaim]' passed (0.001 seconds).
Test Case '-[LauverTests.StravaTests testLostDisconnectResponseNotifiesProfileToRemoveRevokedActivities]' started.
Test Case '-[LauverTests.StravaTests testLostDisconnectResponseNotifiesProfileToRemoveRevokedActivities]' passed (0.001 seconds).
Test Case '-[LauverTests.StravaTests testOfflineDisconnectKeepsConnectionAndReportsFailure]' started.
Test Case '-[LauverTests.StravaTests testOfflineDisconnectKeepsConnectionAndReportsFailure]' passed (0.000 seconds).
Test Case '-[LauverTests.StravaTests testPendingDisconnectRemovesCachedDisplayAndRetryShowsAuthoritativeCompletion]' started.
Test Case '-[LauverTests.StravaTests testPendingDisconnectRemovesCachedDisplayAndRetryShowsAuthoritativeCompletion]' passed (0.000 seconds).
Test Case '-[LauverTests.StravaTests testRefreshFailureRechecksExpiredAuthorizationAndAllowsLaterRecovery]' started.
Test Case '-[LauverTests.StravaTests testRefreshFailureRechecksExpiredAuthorizationAndAllowsLaterRecovery]' passed (0.001 seconds).
Test Case '-[LauverTests.StravaTests testRejectedScopesAndInvalidStateAreActionable]' started.
Test Case '-[LauverTests.StravaTests testRejectedScopesAndInvalidStateAreActionable]' passed (0.001 seconds).
Test Case '-[LauverTests.StravaTests testUserCancellationIsExplainedWithoutAnErrorOrAutomaticReconnect]' started.
Test Case '-[LauverTests.StravaTests testUserCancellationIsExplainedWithoutAnErrorOrAutomaticReconnect]' passed (0.000 seconds).
Test Suite 'StravaTests' passed at 2026-09-21 18:21:22.922.
	 Executed 9 tests, with 0 failures (0 unexpected) in 0.005 (0.006) seconds
Test Suite 'UIStateStoreTests' started at 2026-09-21 18:21:22.922.
Test Case '-[LauverTests.UIStateStoreTests testPersistsOnlySelectedTabAsNonSensitiveUIState]' started.
Test Case '-[LauverTests.UIStateStoreTests testPersistsOnlySelectedTabAsNonSensitiveUIState]' passed (0.001 seconds).
Test Case '-[LauverTests.UIStateStoreTests testUnknownTabFallsBackToDiscoverAndResetRemovesState]' started.
Test Case '-[LauverTests.UIStateStoreTests testUnknownTabFallsBackToDiscoverAndResetRemovesState]' passed (0.001 seconds).
Test Suite 'UIStateStoreTests' passed at 2026-09-21 18:21:22.925.
	 Executed 2 tests, with 0 failures (0 unexpected) in 0.002 (0.002) seconds
Test Suite 'LauverTests.xctest' passed at 2026-09-21 18:21:22.925.
	 Executed 109 tests, with 0 failures (0 unexpected) in 0.159 (0.173) seconds
Test Suite 'All tests' passed at 2026-09-21 18:21:22.925.
	 Executed 109 tests, with 0 failures (0 unexpected) in 0.159 (0.174) seconds
2026-09-21 18:21:23.286 xcodebuild[2382:8058808] [MT] IDETestOperationsObserverDebug: 5.447 elapsed -- Testing started completed.
2026-09-21 18:21:23.286 xcodebuild[2382:8058808] [MT] IDETestOperationsObserverDebug: 0.000 sec, +0.000 sec -- start
2026-09-21 18:21:23.286 xcodebuild[2382:8058808] [MT] IDETestOperationsObserverDebug: 5.447 sec, +5.447 sec -- end

Test session results, code coverage, and logs:
	/Users/edwardtang/Library/Developer/Xcode/DerivedData/Lauver-ftoiobhfoetwriabqponzpqrztdt/Logs/Test/Test-Lauver-Staging-2026.09.21_18-21-07-+0800.xcresult

** TEST SUCCEEDED **

Testing started
