
> lauver-api@0.1.0 test:integration
> tsx scripts/test-integration.ts

Loaded Prisma config from "/Users/edwardtang/Desktop/Code/lauver-mobile/backend/prisma.config.ts".
Prisma config detected, skipping environment variable loading.
Prisma schema loaded from prisma/schema.prisma
Datasource "db": PostgreSQL database "lauver_step08_test", schema "public" at "127.0.0.1:55439"

8 migrations found in prisma/migrations

Applying migration `20260901000000_step_01_foundation`
Applying migration `20260902000000_step_03_email_auth`
Applying migration `20260906000000_step_04_sign_in_with_apple`
Applying migration `20260910000000_step_05_workout_profiles`
Applying migration `20260913000000_discover_block_policy`
Applying migration `20260913010000_explicit_pace_ranges`
Applying migration `20260913020000_profile_safety`
Applying migration `20260914000000_strava_readonly`

The following migration(s) have been applied:

migrations/
  └─ 20260901000000_step_01_foundation/
    └─ migration.sql
  └─ 20260902000000_step_03_email_auth/
    └─ migration.sql
  └─ 20260906000000_step_04_sign_in_with_apple/
    └─ migration.sql
  └─ 20260910000000_step_05_workout_profiles/
    └─ migration.sql
  └─ 20260913000000_discover_block_policy/
    └─ migration.sql
  └─ 20260913010000_explicit_pace_ranges/
    └─ migration.sql
  └─ 20260913020000_profile_safety/
    └─ migration.sql
  └─ 20260914000000_strava_readonly/
    └─ migration.sql

All migrations have been successfully applied.

 RUN  v3.2.7 /Users/edwardtang/Desktop/Code/lauver-mobile/backend

 ✓ tests/integration/step-06-acceptance.integration.test.ts (7 tests) 2575ms
   ✓ Step 06 full acceptance lifecycle > runs the HTTP/SQL verifier and deletes every generated account without touching an unrelated user  1541ms
   ✓ Step 06 full acceptance lifecycle > cleans all fixtures even when an API assertion fails after seeding  475ms
 ✓ tests/integration/step-07-acceptance.integration.test.ts (5 tests) 6643ms
   ✓ Step 07 HTTP verifier and recovery safety > verifies all real HTTP operations and cleans reports, sessions and fixtures  4755ms
   ✓ Step 07 HTTP verifier and recovery safety > cleans all fixtures after an HTTP failure  755ms
   ✓ Step 07 HTTP verifier and recovery safety > cleans created fixtures after interruption  728ms
 ✓ tests/integration/step-08-acceptance.integration.test.ts (4 tests) 3976ms
   ✓ Step 08 staging acceptance journal and cleanup > runs private preparation, connect, expiry, repeated refresh, revoke and exact cleanup over HTTP and SQL  1137ms
   ✓ Step 08 staging acceptance journal and cleanup > accepts ordinary title text and saves encrypted revocation evidence without forcing expiry  532ms
   ✓ Step 08 staging acceptance journal and cleanup > preserves the fixture and journal until a failed external revoke recovers  1471ms
   ✓ Step 08 staging acceptance journal and cleanup > refuses a tampered journal and unrelated safety evidence without deleting the owner  690ms
 ✓ tests/integration/postgres.integration.test.ts (12 tests) 957ms
 ✓ tests/integration/discover.integration.test.ts (8 tests) 1602ms
   ✓ Discover deterministic PostgreSQL filters > includes both precise pace endpoints for every sport, including single-value ranges  719ms
 ✓ tests/integration/safety.integration.test.ts (5 tests) 834ms
 ✓ tests/integration/strava.integration.test.ts (12 tests) 335ms
 ✓ tests/integration/pace-migration.integration.test.ts (1 test) 156ms

 Test Files  8 passed (8)
      Tests  54 passed (54)
   Start at  11:01:50
   Duration  55.99s (transform 3.60s, setup 0ms, collect 23.01s, tests 17.08s, environment 1ms, prepare 2.15s)
