PASS staging-ready
PASS discover-deployed-and-authenticated
PASS viewer-login-and-api-database-target-match
PASS api-and-database-target-match
PASS viewer-complete-profile
PASS distance-timestamp-uuid-order-and-exclusions
PASS public-coordinate-privacy
PASS whole-kilometre-approximation
PASS common-sports-not-fabricated
PASS stable-order-1
PASS stable-order-2
PASS stable-order-3
PASS stable-order-4
PASS stable-order-5
PASS stable-order-6
PASS stable-order-7
PASS stable-order-8
PASS stable-order-9
PASS stable-order-10
PASS five-kilometre-inside-outside-boundary
PASS sport-filter
PASS fast-pace-filter
PASS easy-pace-filter
PASS missing-pace-excluded-only-with-bracket
PASS default-page-has-load-more
PASS pagination-no-duplicates-or-omissions-limit-1
PASS pagination-no-duplicates-or-omissions-limit-7
PASS pagination-no-duplicates-or-omissions-limit-20
PASS invalid-query-radius=7
PASS invalid-query-sport=invalid
PASS invalid-query-paceBracket=fast
PASS invalid-query-sport=running&paceBracket=invalid
PASS invalid-query-limit=0
PASS invalid-query-limit=51
PASS invalid-query-userId=forged
PASS invalid-query-radius=5&radius=10
PASS changed-filter
PASS tampered-cursor
PASS second-user-login
PASS foreign-user-cursor-rejected
PASS blocked-user-login
PASS reverse-block-discovery-isolation
PASS fresh-session-persistent-discovery
PASS deleted-viewer-session-invalid
PASS cleanup: 34 test accounts and all dependent database rows deleted
{"result":"passed","checks":44,"deletedAccounts":34}
